Archive member included to satisfy reference by file (symbol)

c:/st/stm32cubeide_1.11.0/stm32cubeide/plugins/com.st.stm32cube.ide.mcu.externaltools.gnu-tools-for-stm32.10.3-2021.10.win32_1.0.100.202210260954/tools/bin/../lib/gcc/arm-none-eabi/10.3.1/../../../../arm-none-eabi/lib/thumb/v6-m/nofp\libc_nano.a(lib_a-exit.o)
                              c:/st/stm32cubeide_1.11.0/stm32cubeide/plugins/com.st.stm32cube.ide.mcu.externaltools.gnu-tools-for-stm32.10.3-2021.10.win32_1.0.100.202210260954/tools/bin/../lib/gcc/arm-none-eabi/10.3.1/../../../../arm-none-eabi/lib/thumb/v6-m/nofp/crt0.o (exit)
c:/st/stm32cubeide_1.11.0/stm32cubeide/plugins/com.st.stm32cube.ide.mcu.externaltools.gnu-tools-for-stm32.10.3-2021.10.win32_1.0.100.202210260954/tools/bin/../lib/gcc/arm-none-eabi/10.3.1/../../../../arm-none-eabi/lib/thumb/v6-m/nofp\libc_nano.a(lib_a-impure.o)
                              c:/st/stm32cubeide_1.11.0/stm32cubeide/plugins/com.st.stm32cube.ide.mcu.externaltools.gnu-tools-for-stm32.10.3-2021.10.win32_1.0.100.202210260954/tools/bin/../lib/gcc/arm-none-eabi/10.3.1/../../../../arm-none-eabi/lib/thumb/v6-m/nofp\libc_nano.a(lib_a-exit.o) (_global_impure_ptr)
c:/st/stm32cubeide_1.11.0/stm32cubeide/plugins/com.st.stm32cube.ide.mcu.externaltools.gnu-tools-for-stm32.10.3-2021.10.win32_1.0.100.202210260954/tools/bin/../lib/gcc/arm-none-eabi/10.3.1/../../../../arm-none-eabi/lib/thumb/v6-m/nofp\libc_nano.a(lib_a-init.o)
                              c:/st/stm32cubeide_1.11.0/stm32cubeide/plugins/com.st.stm32cube.ide.mcu.externaltools.gnu-tools-for-stm32.10.3-2021.10.win32_1.0.100.202210260954/tools/bin/../lib/gcc/arm-none-eabi/10.3.1/../../../../arm-none-eabi/lib/thumb/v6-m/nofp/crt0.o (__libc_init_array)
c:/st/stm32cubeide_1.11.0/stm32cubeide/plugins/com.st.stm32cube.ide.mcu.externaltools.gnu-tools-for-stm32.10.3-2021.10.win32_1.0.100.202210260954/tools/bin/../lib/gcc/arm-none-eabi/10.3.1/../../../../arm-none-eabi/lib/thumb/v6-m/nofp\libc_nano.a(lib_a-memcpy-stub.o)
                              ./Middlewares/Third_Party/SubGHz_Phy/sx126x/sx126x.o (memcpy)
c:/st/stm32cubeide_1.11.0/stm32cubeide/plugins/com.st.stm32cube.ide.mcu.externaltools.gnu-tools-for-stm32.10.3-2021.10.win32_1.0.100.202210260954/tools/bin/../lib/gcc/arm-none-eabi/10.3.1/../../../../arm-none-eabi/lib/thumb/v6-m/nofp\libc_nano.a(lib_a-memset.o)
                              c:/st/stm32cubeide_1.11.0/stm32cubeide/plugins/com.st.stm32cube.ide.mcu.externaltools.gnu-tools-for-stm32.10.3-2021.10.win32_1.0.100.202210260954/tools/bin/../lib/gcc/arm-none-eabi/10.3.1/../../../../arm-none-eabi/lib/thumb/v6-m/nofp/crt0.o (memset)
c:/st/stm32cubeide_1.11.0/stm32cubeide/plugins/com.st.stm32cube.ide.mcu.externaltools.gnu-tools-for-stm32.10.3-2021.10.win32_1.0.100.202210260954/tools/bin/../lib/gcc/arm-none-eabi/10.3.1/../../../../arm-none-eabi/lib/thumb/v6-m/nofp\libc_nano.a(lib_a-strlen.o)
                              ./Core/Src/sys_app.o (strlen)
c:/st/stm32cubeide_1.11.0/stm32cubeide/plugins/com.st.stm32cube.ide.mcu.externaltools.gnu-tools-for-stm32.10.3-2021.10.win32_1.0.100.202210260954/tools/bin/../lib/gcc/arm-none-eabi/10.3.1/../../../../arm-none-eabi/lib/thumb/v6-m/nofp\libm.a(lib_a-s_floor.o)
                              ./Middlewares/Third_Party/LoRaWAN/Mac/Region/RegionCommon.o (floor)
c:/st/stm32cubeide_1.11.0/stm32cubeide/plugins/com.st.stm32cube.ide.mcu.externaltools.gnu-tools-for-stm32.10.3-2021.10.win32_1.0.100.202210260954/tools/bin/../lib/gcc/arm-none-eabi/10.3.1/thumb/v6-m/nofp\libgcc.a(_thumb1_case_uqi.o)
                              ./Drivers/STM32L0xx_HAL_Driver/Src/stm32l0xx_hal_dma.o (__gnu_thumb1_case_uqi)
c:/st/stm32cubeide_1.11.0/stm32cubeide/plugins/com.st.stm32cube.ide.mcu.externaltools.gnu-tools-for-stm32.10.3-2021.10.win32_1.0.100.202210260954/tools/bin/../lib/gcc/arm-none-eabi/10.3.1/thumb/v6-m/nofp\libgcc.a(_thumb1_case_shi.o)
                              ./Drivers/STM32L0xx_HAL_Driver/Src/stm32l0xx_hal_uart.o (__gnu_thumb1_case_shi)
c:/st/stm32cubeide_1.11.0/stm32cubeide/plugins/com.st.stm32cube.ide.mcu.externaltools.gnu-tools-for-stm32.10.3-2021.10.win32_1.0.100.202210260954/tools/bin/../lib/gcc/arm-none-eabi/10.3.1/thumb/v6-m/nofp\libgcc.a(_thumb1_case_uhi.o)
                              ./Middlewares/Third_Party/LoRaWAN/Mac/LoRaMac.o (__gnu_thumb1_case_uhi)
c:/st/stm32cubeide_1.11.0/stm32cubeide/plugins/com.st.stm32cube.ide.mcu.externaltools.gnu-tools-for-stm32.10.3-2021.10.win32_1.0.100.202210260954/tools/bin/../lib/gcc/arm-none-eabi/10.3.1/thumb/v6-m/nofp\libgcc.a(_udivsi3.o)
                              ./Core/Src/adc_if.o (__aeabi_uidiv)
c:/st/stm32cubeide_1.11.0/stm32cubeide/plugins/com.st.stm32cube.ide.mcu.externaltools.gnu-tools-for-stm32.10.3-2021.10.win32_1.0.100.202210260954/tools/bin/../lib/gcc/arm-none-eabi/10.3.1/thumb/v6-m/nofp\libgcc.a(_divsi3.o)
                              ./Core/Src/adc_if.o (__aeabi_idiv)
[...]
Memory Configuration

Name             Origin             Length             Attributes
RAM              0x0000000020000000 0x0000000000002000 xrw
FLASH            0x0000000008000000 0x0000000000010000 xr
EEPROM           0x0000000008080000 0x0000000000000800 r
*default*        0x0000000000000000 0xffffffffffffffff

Linker script and memory map

LOAD c:/st/stm32cubeide_1.11.0/stm32cubeide/plugins/com.st.stm32cube.ide.mcu.externaltools.gnu-tools-for-stm32.10.3-2021.10.win32_1.0.100.202210260954/tools/bin/../lib/gcc/arm-none-eabi/10.3.1/thumb/v6-m/nofp/crti.o
LOAD c:/st/stm32cubeide_1.11.0/stm32cubeide/plugins/com.st.stm32cube.ide.mcu.externaltools.gnu-tools-for-stm32.10.3-2021.10.win32_1.0.100.202210260954/tools/bin/../lib/gcc/arm-none-eabi/10.3.1/thumb/v6-m/nofp/crtbegin.o
LOAD c:/st/stm32cubeide_1.11.0/stm32cubeide/plugins/com.st.stm32cube.ide.mcu.externaltools.gnu-tools-for-stm32.10.3-2021.10.win32_1.0.100.202210260954/tools/bin/../lib/gcc/arm-none-eabi/10.3.1/../../../../arm-none-eabi/lib/thumb/v6-m/nofp/crt0.o
LOAD ./Core/Src/adc.o
LOAD ./Core/Src/adc_if.o
LOAD ./Core/Src/dma.o
LOAD ./Core/Src/main.o
LOAD ./Core/Src/rtc.o
LOAD ./Core/Src/rtc_if.o
LOAD ./Core/Src/stm32_lpm_if.o
LOAD ./Core/Src/stm32l0xx_hal_msp.o
LOAD ./Core/Src/stm32l0xx_it.o
LOAD ./Core/Src/sys_app.o
LOAD ./Core/Src/sys_debug.o
LOAD ./Core/Src/tx_app.o
LOAD ./Core/Src/usart.o
LOAD ./Core/Src/usart_if.o
LOAD ./Core/Startup/startup_stm32l051k8ux.o
LOAD ./Drivers/BSP/STM32L0xx_Nucleo/stm32l0xx_nucleo.o
LOAD ./Drivers/BSP/SX1262DVK1CAS/sx1262dvk1cas.o
LOAD ./Drivers/CMSIS/Device/ST/STM32L0xx/Source/Templates/system_stm32l0xx.o
LOAD ./Drivers/STM32L0xx_HAL_Driver/Src/stm32l0xx_hal.o
LOAD ./Drivers/STM32L0xx_HAL_Driver/Src/stm32l0xx_hal_adc.o
LOAD ./Drivers/STM32L0xx_HAL_Driver/Src/stm32l0xx_hal_adc_ex.o
LOAD ./Drivers/STM32L0xx_HAL_Driver/Src/stm32l0xx_hal_cortex.o
LOAD ./Drivers/STM32L0xx_HAL_Driver/Src/stm32l0xx_hal_dma.o
LOAD ./Drivers/STM32L0xx_HAL_Driver/Src/stm32l0xx_hal_exti.o
LOAD ./Drivers/STM32L0xx_HAL_Driver/Src/stm32l0xx_hal_flash.o
LOAD ./Drivers/STM32L0xx_HAL_Driver/Src/stm32l0xx_hal_flash_ex.o
LOAD ./Drivers/STM32L0xx_HAL_Driver/Src/stm32l0xx_hal_gpio.o
LOAD ./Drivers/STM32L0xx_HAL_Driver/Src/stm32l0xx_hal_lptim.o
LOAD ./Drivers/STM32L0xx_HAL_Driver/Src/stm32l0xx_hal_pwr.o
LOAD ./Drivers/STM32L0xx_HAL_Driver/Src/stm32l0xx_hal_pwr_ex.o
LOAD ./Drivers/STM32L0xx_HAL_Driver/Src/stm32l0xx_hal_rcc.o
LOAD ./Drivers/STM32L0xx_HAL_Driver/Src/stm32l0xx_hal_rcc_ex.o
LOAD ./Drivers/STM32L0xx_HAL_Driver/Src/stm32l0xx_hal_rtc.o
LOAD ./Drivers/STM32L0xx_HAL_Driver/Src/stm32l0xx_hal_rtc_ex.o
LOAD ./Drivers/STM32L0xx_HAL_Driver/Src/stm32l0xx_hal_spi.o
LOAD ./Drivers/STM32L0xx_HAL_Driver/Src/stm32l0xx_hal_tim.o
LOAD ./Drivers/STM32L0xx_HAL_Driver/Src/stm32l0xx_hal_tim_ex.o
LOAD ./Drivers/STM32L0xx_HAL_Driver/Src/stm32l0xx_hal_uart.o
LOAD ./Drivers/STM32L0xx_HAL_Driver/Src/stm32l0xx_hal_uart_ex.o
LOAD ./Drivers/STM32L0xx_HAL_Driver/Src/stm32l0xx_hal_wwdg.o
LOAD ./LoRaWAN/App/CayenneLpp.o
LOAD ./LoRaWAN/App/app_lorawan.o
LOAD ./LoRaWAN/App/lora_info.o
LOAD ./LoRaWAN/Target/nucleo_l053r8_bus.o
LOAD ./Middlewares/Third_Party/LoRaWAN/Crypto/cmac.o
LOAD ./Middlewares/Third_Party/LoRaWAN/Crypto/lorawan_aes.o
LOAD ./Middlewares/Third_Party/LoRaWAN/Crypto/soft-se.o
LOAD ./Middlewares/Third_Party/LoRaWAN/LmHandler/LmHandler.o
LOAD ./Middlewares/Third_Party/LoRaWAN/LmHandler/NvmCtxMgmt.o
LOAD ./Middlewares/Third_Party/LoRaWAN/LmHandler/Packages/LmhpCompliance.o
LOAD ./Middlewares/Third_Party/LoRaWAN/Mac/LoRaMac.o
LOAD ./Middlewares/Third_Party/LoRaWAN/Mac/LoRaMacAdr.o
LOAD ./Middlewares/Third_Party/LoRaWAN/Mac/LoRaMacCommands.o
LOAD ./Middlewares/Third_Party/LoRaWAN/Mac/LoRaMacConfirmQueue.o
LOAD ./Middlewares/Third_Party/LoRaWAN/Mac/LoRaMacCrypto.o
LOAD ./Middlewares/Third_Party/LoRaWAN/Mac/LoRaMacParser.o
LOAD ./Middlewares/Third_Party/LoRaWAN/Mac/LoRaMacSerializer.o
LOAD ./Middlewares/Third_Party/LoRaWAN/Mac/Region/Region.o
LOAD ./Middlewares/Third_Party/LoRaWAN/Mac/Region/RegionAU915.o
LOAD ./Middlewares/Third_Party/LoRaWAN/Mac/Region/RegionCommon.o
LOAD ./Middlewares/Third_Party/LoRaWAN/Utilities/utilities.o
LOAD ./Middlewares/Third_Party/SubGHz_Phy/sx126x/radio.o
LOAD ./Middlewares/Third_Party/SubGHz_Phy/sx126x/sx126x.o
LOAD ./Utilities/lpm/tiny_lpm/stm32_lpm.o
LOAD ./Utilities/misc/stm32_mem.o
LOAD ./Utilities/misc/stm32_systime.o
LOAD ./Utilities/misc/stm32_tiny_vsnprintf.o
LOAD ./Utilities/sequencer/stm32_seq.o
LOAD ./Utilities/timer/stm32_timer.o
LOAD ./Utilities/trace/adv_trace/stm32_adv_trace.o
START GROUP
LOAD c:/st/stm32cubeide_1.11.0/stm32cubeide/plugins/com.st.stm32cube.ide.mcu.externaltools.gnu-tools-for-stm32.10.3-2021.10.win32_1.0.100.202210260954/tools/bin/../lib/gcc/arm-none-eabi/10.3.1/../../../../arm-none-eabi/lib/thumb/v6-m/nofp\libc_nano.a
LOAD c:/st/stm32cubeide_1.11.0/stm32cubeide/plugins/com.st.stm32cube.ide.mcu.externaltools.gnu-tools-for-stm32.10.3-2021.10.win32_1.0.100.202210260954/tools/bin/../lib/gcc/arm-none-eabi/10.3.1/../../../../arm-none-eabi/lib/thumb/v6-m/nofp\libm.a
END GROUP
START GROUP
LOAD c:/st/stm32cubeide_1.11.0/stm32cubeide/plugins/com.st.stm32cube.ide.mcu.externaltools.gnu-tools-for-stm32.10.3-2021.10.win32_1.0.100.202210260954/tools/bin/../lib/gcc/arm-none-eabi/10.3.1/thumb/v6-m/nofp\libgcc.a
LOAD c:/st/stm32cubeide_1.11.0/stm32cubeide/plugins/com.st.stm32cube.ide.mcu.externaltools.gnu-tools-for-stm32.10.3-2021.10.win32_1.0.100.202210260954/tools/bin/../lib/gcc/arm-none-eabi/10.3.1/../../../../arm-none-eabi/lib/thumb/v6-m/nofp\libc_nano.a
END GROUP
START GROUP
LOAD c:/st/stm32cubeide_1.11.0/stm32cubeide/plugins/com.st.stm32cube.ide.mcu.externaltools.gnu-tools-for-stm32.10.3-2021.10.win32_1.0.100.202210260954/tools/bin/../lib/gcc/arm-none-eabi/10.3.1/thumb/v6-m/nofp\libgcc.a
LOAD c:/st/stm32cubeide_1.11.0/stm32cubeide/plugins/com.st.stm32cube.ide.mcu.externaltools.gnu-tools-for-stm32.10.3-2021.10.win32_1.0.100.202210260954/tools/bin/../lib/gcc/arm-none-eabi/10.3.1/../../../../arm-none-eabi/lib/thumb/v6-m/nofp\libc_nano.a
LOAD c:/st/stm32cubeide_1.11.0/stm32cubeide/plugins/com.st.stm32cube.ide.mcu.externaltools.gnu-tools-for-stm32.10.3-2021.10.win32_1.0.100.202210260954/tools/bin/../lib/gcc/arm-none-eabi/10.3.1/../../../../arm-none-eabi/lib/thumb/v6-m/nofp\libnosys.a
END GROUP
START GROUP
LOAD c:/st/stm32cubeide_1.11.0/stm32cubeide/plugins/com.st.stm32cube.ide.mcu.externaltools.gnu-tools-for-stm32.10.3-2021.10.win32_1.0.100.202210260954/tools/bin/../lib/gcc/arm-none-eabi/10.3.1/thumb/v6-m/nofp\libgcc.a
LOAD c:/st/stm32cubeide_1.11.0/stm32cubeide/plugins/com.st.stm32cube.ide.mcu.externaltools.gnu-tools-for-stm32.10.3-2021.10.win32_1.0.100.202210260954/tools/bin/../lib/gcc/arm-none-eabi/10.3.1/../../../../arm-none-eabi/lib/thumb/v6-m/nofp\libc_nano.a
LOAD c:/st/stm32cubeide_1.11.0/stm32cubeide/plugins/com.st.stm32cube.ide.mcu.externaltools.gnu-tools-for-stm32.10.3-2021.10.win32_1.0.100.202210260954/tools/bin/../lib/gcc/arm-none-eabi/10.3.1/../../../../arm-none-eabi/lib/thumb/v6-m/nofp\libnosys.a
END GROUP
LOAD c:/st/stm32cubeide_1.11.0/stm32cubeide/plugins/com.st.stm32cube.ide.mcu.externaltools.gnu-tools-for-stm32.10.3-2021.10.win32_1.0.100.202210260954/tools/bin/../lib/gcc/arm-none-eabi/10.3.1/thumb/v6-m/nofp/crtend.o
LOAD c:/st/stm32cubeide_1.11.0/stm32cubeide/plugins/com.st.stm32cube.ide.mcu.externaltools.gnu-tools-for-stm32.10.3-2021.10.win32_1.0.100.202210260954/tools/bin/../lib/gcc/arm-none-eabi/10.3.1/thumb/v6-m/nofp/crtn.o
                0x0000000020002000                _estack = (ORIGIN (RAM) + LENGTH (RAM))
                0x0000000000000200                _Min_Heap_Size = 0x200
                0x0000000000000400                _Min_Stack_Size = 0x400

.isr_vector     0x0000000008000000       0xc0
                0x0000000008000000                . = ALIGN (0x4)
 *(.isr_vector)
 .isr_vector    0x0000000008000000       0xc0 ./Core/Startup/startup_stm32l051k8ux.o
                0x0000000008000000                g_pfnVectors
                0x00000000080000c0                . = ALIGN (0x4)

.text           0x00000000080000c0     0xe61c
                0x00000000080000c0                . = ALIGN (0x4)
 *(.text)
 .text          0x00000000080000c0       0x48 c:/st/stm32cubeide_1.11.0/stm32cubeide/plugins/com.st.stm32cube.ide.mcu.externaltools.gnu-tools-for-stm32.10.3-2021.10.win32_1.0.100.202210260954/tools/bin/../lib/gcc/arm-none-eabi/10.3.1/thumb/v6-m/nofp/crtbegin.o
 .text          0x0000000008000108        0xe c:/st/stm32cubeide_1.11.0/stm32cubeide/plugins/com.st.stm32cube.ide.mcu.externaltools.gnu-tools-for-stm32.10.3-2021.10.win32_1.0.100.202210260954/tools/bin/../lib/gcc/arm-none-eabi/10.3.1/../../../../arm-none-eabi/lib/thumb/v6-m/nofp\libc_nano.a(lib_a-strlen.o)
                0x0000000008000108                strlen
 *fill*         0x0000000008000116        0x2 
 .text          0x0000000008000118       0x14 c:/st/stm32cubeide_1.11.0/stm32cubeide/plugins/com.st.stm32cube.ide.mcu.externaltools.gnu-tools-for-stm32.10.3-2021.10.win32_1.0.100.202210260954/tools/bin/../lib/gcc/arm-none-eabi/10.3.1/thumb/v6-m/nofp\libgcc.a(_thumb1_case_uqi.o)
                0x0000000008000118                __gnu_thumb1_case_uqi
 .text          0x000000000800012c       0x14 c:/st/stm32cubeide_1.11.0/stm32cubeide/plugins/com.st.stm32cube.ide.mcu.externaltools.gnu-tools-for-stm32.10.3-2021.10.win32_1.0.100.202210260954/tools/bin/../lib/gcc/arm-none-eabi/10.3.1/thumb/v6-m/nofp\libgcc.a(_thumb1_case_shi.o)
                0x000000000800012c                __gnu_thumb1_case_shi
 .text          0x0000000008000140       0x14 c:/st/stm32cubeide_1.11.0/stm32cubeide/plugins/com.st.stm32cube.ide.mcu.externaltools.gnu-tools-for-stm32.10.3-2021.10.win32_1.0.100.202210260954/tools/bin/../lib/gcc/arm-none-eabi/10.3.1/thumb/v6-m/nofp\libgcc.a(_thumb1_case_uhi.o)
                0x0000000008000140                __gnu_thumb1_case_uhi
 .text          0x0000000008000154      0x114 c:/st/stm32cubeide_1.11.0/stm32cubeide/plugins/com.st.stm32cube.ide.mcu.externaltools.gnu-tools-for-stm32.10.3-2021.10.win32_1.0.100.202210260954/tools/bin/../lib/gcc/arm-none-eabi/10.3.1/thumb/v6-m/nofp\libgcc.a(_udivsi3.o)
                0x0000000008000154                __aeabi_uidiv
                0x0000000008000154                __udivsi3
                0x0000000008000260                __aeabi_uidivmod
 .text          0x0000000008000268      0x1d4 c:/st/stm32cubeide_1.11.0/stm32cubeide/plugins/com.st.stm32cube.ide.mcu.externaltools.gnu-tools-for-stm32.10.3-2021.10.win32_1.0.100.202210260954/tools/bin/../lib/gcc/arm-none-eabi/10.3.1/thumb/v6-m/nofp\libgcc.a(_divsi3.o)
                0x0000000008000268                __divsi3
                0x0000000008000268                __aeabi_idiv
                0x0000000008000434                __aeabi_idivmod
 .text          0x000000000800043c        0x4 c:/st/stm32cubeide_1.11.0/stm32cubeide/plugins/com.st.stm32cube.ide.mcu.externaltools.gnu-tools-for-stm32.10.3-2021.10.win32_1.0.100.202210260954/tools/bin/../lib/gcc/arm-none-eabi/10.3.1/thumb/v6-m/nofp\libgcc.a(_dvmd_tls.o)
                0x000000000800043c                __aeabi_idiv0
                0x000000000800043c                __aeabi_ldiv0
 .text          0x0000000008000440       0x7c c:/st/stm32cubeide_1.11.0/stm32cubeide/plugins/com.st.stm32cube.ide.mcu.externaltools.gnu-tools-for-stm32.10.3-2021.10.win32_1.0.100.202210260954/tools/bin/../lib/gcc/arm-none-eabi/10.3.1/thumb/v6-m/nofp\libgcc.a(_arm_cmpdf2.o)
                0x0000000008000440                __aeabi_cdrcmple
                0x0000000008000450                __aeabi_cdcmple
                0x0000000008000450                __aeabi_cdcmpeq
                0x0000000008000460                __aeabi_dcmpeq
                0x000000000800046c                __aeabi_dcmplt
                0x0000000008000480                __aeabi_dcmple
                0x0000000008000494                __aeabi_dcmpgt
                0x00000000080004a8                __aeabi_dcmpge
 .text          0x00000000080004bc       0x40 c:/st/stm32cubeide_1.11.0/stm32cubeide/plugins/com.st.stm32cube.ide.mcu.externaltools.gnu-tools-for-stm32.10.3-2021.10.win32_1.0.100.202210260954/tools/bin/../lib/gcc/arm-none-eabi/10.3.1/thumb/v6-m/nofp\libgcc.a(_aeabi_uldivmod.o)
                0x00000000080004bc                __aeabi_uldivmod
 .text          0x00000000080004fc       0x5c c:/st/stm32cubeide_1.11.0/stm32cubeide/plugins/com.st.stm32cube.ide.mcu.externaltools.gnu-tools-for-stm32.10.3-2021.10.win32_1.0.100.202210260954/tools/bin/../lib/gcc/arm-none-eabi/10.3.1/thumb/v6-m/nofp\libgcc.a(_muldi3.o)
                0x00000000080004fc                __muldi3
                0x00000000080004fc                __aeabi_lmul
 .text          0x0000000008000558       0x3c c:/st/stm32cubeide_1.11.0/stm32cubeide/plugins/com.st.stm32cube.ide.mcu.externaltools.gnu-tools-for-stm32.10.3-2021.10.win32_1.0.100.202210260954/tools/bin/../lib/gcc/arm-none-eabi/10.3.1/thumb/v6-m/nofp\libgcc.a(_fixunsdfsi.o)
                0x0000000008000558                __aeabi_d2uiz
                0x0000000008000558                __fixunsdfsi
 .text          0x0000000008000594      0x198 c:/st/stm32cubeide_1.11.0/stm32cubeide/plugins/com.st.stm32cube.ide.mcu.externaltools.gnu-tools-for-stm32.10.3-2021.10.win32_1.0.100.202210260954/tools/bin/../lib/gcc/arm-none-eabi/10.3.1/thumb/v6-m/nofp\libgcc.a(_udivmoddi4.o)
                0x0000000008000594                __udivmoddi4
 .text          0x000000000800072c      0x35c c:/st/stm32cubeide_1.11.0/stm32cubeide/plugins/com.st.stm32cube.ide.mcu.externaltools.gnu-tools-for-stm32.10.3-2021.10.win32_1.0.100.202210260954/tools/bin/../lib/gcc/arm-none-eabi/10.3.1/thumb/v6-m/nofp\libgcc.a(subsf3.o)
                0x000000000800072c                __aeabi_fsub
 .text          0x0000000008000a88       0x84 c:/st/stm32cubeide_1.11.0/stm32cubeide/plugins/com.st.stm32cube.ide.mcu.externaltools.gnu-tools-for-stm32.10.3-2021.10.win32_1.0.100.202210260954/tools/bin/../lib/gcc/arm-none-eabi/10.3.1/thumb/v6-m/nofp\libgcc.a(floatunsisf.o)
                0x0000000008000a88                __aeabi_ui2f
 .text          0x0000000008000b0c      0x678 c:/st/stm32cubeide_1.11.0/stm32cubeide/plugins/com.st.stm32cube.ide.mcu.externaltools.gnu-tools-for-stm32.10.3-2021.10.win32_1.0.100.202210260954/tools/bin/../lib/gcc/arm-none-eabi/10.3.1/thumb/v6-m/nofp\libgcc.a(adddf3.o)
                0x0000000008000b0c                __aeabi_dadd
 .text          0x0000000008001184      0x5ec c:/st/stm32cubeide_1.11.0/stm32cubeide/plugins/com.st.stm32cube.ide.mcu.externaltools.gnu-tools-for-stm32.10.3-2021.10.win32_1.0.100.202210260954/tools/bin/../lib/gcc/arm-none-eabi/10.3.1/thumb/v6-m/nofp\libgcc.a(divdf3.o)
                0x0000000008001184                __aeabi_ddiv
 .text          0x0000000008001770       0x84 c:/st/stm32cubeide_1.11.0/stm32cubeide/plugins/com.st.stm32cube.ide.mcu.externaltools.gnu-tools-for-stm32.10.3-2021.10.win32_1.0.100.202210260954/tools/bin/../lib/gcc/arm-none-eabi/10.3.1/thumb/v6-m/nofp\libgcc.a(eqdf2.o)
                0x0000000008001770                __nedf2
                0x0000000008001770                __eqdf2
 .text          0x00000000080017f4       0xcc c:/st/stm32cubeide_1.11.0/stm32cubeide/plugins/com.st.stm32cube.ide.mcu.externaltools.gnu-tools-for-stm32.10.3-2021.10.win32_1.0.100.202210260954/tools/bin/../lib/gcc/arm-none-eabi/10.3.1/thumb/v6-m/nofp\libgcc.a(gedf2.o)
                0x00000000080017f4                __gedf2
                0x00000000080017f4                __gtdf2
 .text          0x00000000080018c0       0xc8 c:/st/stm32cubeide_1.11.0/stm32cubeide/plugins/com.st.stm32cube.ide.mcu.externaltools.gnu-tools-for-stm32.10.3-2021.10.win32_1.0.100.202210260954/tools/bin/../lib/gcc/arm-none-eabi/10.3.1/thumb/v6-m/nofp\libgcc.a(ledf2.o)
                0x00000000080018c0                __ledf2
                0x00000000080018c0                __ltdf2
 .text          0x0000000008001988      0x724 c:/st/stm32cubeide_1.11.0/stm32cubeide/plugins/com.st.stm32cube.ide.mcu.externaltools.gnu-tools-for-stm32.10.3-2021.10.win32_1.0.100.202210260954/tools/bin/../lib/gcc/arm-none-eabi/10.3.1/thumb/v6-m/nofp\libgcc.a(subdf3.o)
                0x0000000008001988                __aeabi_dsub
 .text          0x00000000080020ac       0x6c c:/st/stm32cubeide_1.11.0/stm32cubeide/plugins/com.st.stm32cube.ide.mcu.externaltools.gnu-tools-for-stm32.10.3-2021.10.win32_1.0.100.202210260954/tools/bin/../lib/gcc/arm-none-eabi/10.3.1/thumb/v6-m/nofp\libgcc.a(fixdfsi.o)
                0x00000000080020ac                __aeabi_d2iz
 .text          0x0000000008002118       0x4c c:/st/stm32cubeide_1.11.0/stm32cubeide/plugins/com.st.stm32cube.ide.mcu.externaltools.gnu-tools-for-stm32.10.3-2021.10.win32_1.0.100.202210260954/tools/bin/../lib/gcc/arm-none-eabi/10.3.1/thumb/v6-m/nofp\libgcc.a(floatunsidf.o)
                0x0000000008002118                __aeabi_ui2d
 .text          0x0000000008002164       0x90 c:/st/stm32cubeide_1.11.0/stm32cubeide/plugins/com.st.stm32cube.ide.mcu.externaltools.gnu-tools-for-stm32.10.3-2021.10.win32_1.0.100.202210260954/tools/bin/../lib/gcc/arm-none-eabi/10.3.1/thumb/v6-m/nofp\libgcc.a(extendsfdf2.o)
                0x0000000008002164                __aeabi_f2d
 .text          0x00000000080021f4       0x3c c:/st/stm32cubeide_1.11.0/stm32cubeide/plugins/com.st.stm32cube.ide.mcu.externaltools.gnu-tools-for-stm32.10.3-2021.10.win32_1.0.100.202210260954/tools/bin/../lib/gcc/arm-none-eabi/10.3.1/thumb/v6-m/nofp\libgcc.a(_clzsi2.o)
                0x00000000080021f4                __clzsi2
 .text          0x0000000008002230       0x18 c:/st/stm32cubeide_1.11.0/stm32cubeide/plugins/com.st.stm32cube.ide.mcu.externaltools.gnu-tools-for-stm32.10.3-2021.10.win32_1.0.100.202210260954/tools/bin/../lib/gcc/arm-none-eabi/10.3.1/thumb/v6-m/nofp\libgcc.a(_clzdi2.o)
                0x0000000008002230                __clzdi2
 *(.text*)
 .text.MX_ADC_Init
                0x0000000008002248       0x5c ./Core/Src/adc.o
                0x0000000008002248                MX_ADC_Init
 .text.HAL_ADC_MspInit
                0x00000000080022a4       0x20 ./Core/Src/adc.o
                0x00000000080022a4                HAL_ADC_MspInit
 .text.HAL_ADC_MspDeInit
                0x00000000080022c4       0x30 ./Core/Src/adc.o
                0x00000000080022c4                HAL_ADC_MspDeInit
 .text.SYS_InitMeasurement
                0x00000000080022f4       0x10 ./Core/Src/adc_if.o
                0x00000000080022f4                SYS_InitMeasurement
 .text.ADC_ReadChannels
                0x0000000008002304       0xac ./Core/Src/adc_if.o
                0x0000000008002304                ADC_ReadChannels
 .text.SYS_GetBatteryLevel
                0x00000000080023b0       0x30 ./Core/Src/adc_if.o
                0x00000000080023b0                SYS_GetBatteryLevel
 .text.MX_DMA_Init
                0x00000000080023e0       0x2c ./Core/Src/dma.o
                0x00000000080023e0                MX_DMA_Init
 .text.SystemClock_Config
                0x000000000800240c       0x94 ./Core/Src/main.o
                0x000000000800240c                SystemClock_Config
 .text.startup.main
                0x00000000080024a0       0x44 ./Core/Src/main.o
                0x00000000080024a0                main
 .text.Error_Handler
                0x00000000080024e4        0x2 ./Core/Src/main.o
                0x00000000080024e4                Error_Handler
 *fill*         0x00000000080024e6        0x2 
 .text.MX_RTC_Init
                0x00000000080024e8       0xc4 ./Core/Src/rtc.o
                0x00000000080024e8                MX_RTC_Init
 .text.HAL_RTC_MspInit
                0x00000000080025ac       0x58 ./Core/Src/rtc.o
                0x00000000080025ac                HAL_RTC_MspInit
 .text.RTC_IF_GetTimerContext
                0x0000000008002604        0xc ./Core/Src/rtc_if.o
                0x0000000008002604                RTC_IF_GetTimerContext
 .text.RTC_IF_GetMinimumTimeout
                0x0000000008002610        0x4 ./Core/Src/rtc_if.o
                0x0000000008002610                RTC_IF_GetMinimumTimeout
 .text.RTC_IF_Convert_ms2Tick
                0x0000000008002614       0x10 ./Core/Src/rtc_if.o
                0x0000000008002614                RTC_IF_Convert_ms2Tick
 .text.RTC_IF_Convert_Tick2ms
                0x0000000008002624       0x14 ./Core/Src/rtc_if.o
                0x0000000008002624                RTC_IF_Convert_Tick2ms
 .text.RTC_IF_StopTimer
                0x0000000008002638       0x24 ./Core/Src/rtc_if.o
                0x0000000008002638                RTC_IF_StopTimer
 .text.RTC_GetCalendarValue
                0x000000000800265c       0xb4 ./Core/Src/rtc_if.o
 .text.RTC_IF_SetTimerContext
                0x0000000008002710       0x18 ./Core/Src/rtc_if.o
                0x0000000008002710                RTC_IF_SetTimerContext
 .text.RTC_IF_GetTimerElapsedTime
                0x0000000008002728       0x18 ./Core/Src/rtc_if.o
                0x0000000008002728                RTC_IF_GetTimerElapsedTime
 .text.RTC_IF_StartTimer
                0x0000000008002740      0x138 ./Core/Src/rtc_if.o
                0x0000000008002740                RTC_IF_StartTimer
 .text.RTC_IF_GetTime
                0x0000000008002878       0x28 ./Core/Src/rtc_if.o
                0x0000000008002878                RTC_IF_GetTime
 .text.RTC_IF_BkUp_Write_Seconds
                0x00000000080028a0       0x14 ./Core/Src/rtc_if.o
                0x00000000080028a0                RTC_IF_BkUp_Write_Seconds
 .text.RTC_IF_BkUp_Write_SubSeconds
                0x00000000080028b4       0x14 ./Core/Src/rtc_if.o
                0x00000000080028b4                RTC_IF_BkUp_Write_SubSeconds
 .text.RTC_IF_BkUp_Read_Seconds
                0x00000000080028c8       0x10 ./Core/Src/rtc_if.o
                0x00000000080028c8                RTC_IF_BkUp_Read_Seconds
 .text.RTC_IF_BkUp_Read_SubSeconds
                0x00000000080028d8       0x10 ./Core/Src/rtc_if.o
                0x00000000080028d8                RTC_IF_BkUp_Read_SubSeconds
 .text.RTC_IF_Init
                0x00000000080028e8       0x50 ./Core/Src/rtc_if.o
                0x00000000080028e8                RTC_IF_Init
 .text.RTC_IF_GetTimerValue
                0x0000000008002938       0x1c ./Core/Src/rtc_if.o
                0x0000000008002938                RTC_IF_GetTimerValue
 .text.RTC_IF_DelayMs
                0x0000000008002954       0x26 ./Core/Src/rtc_if.o
                0x0000000008002954                RTC_IF_DelayMs
 .text.HAL_RTC_AlarmAEventCallback
                0x000000000800297a        0x8 ./Core/Src/rtc_if.o
                0x000000000800297a                HAL_RTC_AlarmAEventCallback
 .text.PWR_EnterOffMode
                0x0000000008002982        0x2 ./Core/Src/stm32_lpm_if.o
                0x0000000008002982                PWR_EnterOffMode
 .text.PWR_EnterStopMode
                0x0000000008002984       0x28 ./Core/Src/stm32_lpm_if.o
                0x0000000008002984                PWR_EnterStopMode
 .text.PWR_ExitStopMode
                0x00000000080029ac       0x50 ./Core/Src/stm32_lpm_if.o
                0x00000000080029ac                PWR_ExitStopMode
 .text.PWR_EnterSleepMode
                0x00000000080029fc        0xc ./Core/Src/stm32_lpm_if.o
                0x00000000080029fc                PWR_EnterSleepMode
 .text.PWR_ExitSleepMode
                0x0000000008002a08        0x2 ./Core/Src/stm32_lpm_if.o
                0x0000000008002a08                PWR_ExitSleepMode
 .text.PWR_ExitOffMode
                0x0000000008002a0a        0x2 ./Core/Src/stm32_lpm_if.o
                0x0000000008002a0a                PWR_ExitOffMode
 .text.HAL_MspInit
                0x0000000008002a0c       0x30 ./Core/Src/stm32l0xx_hal_msp.o
                0x0000000008002a0c                HAL_MspInit
 .text.HAL_WWDG_MspInit
                0x0000000008002a3c       0x20 ./Core/Src/stm32l0xx_hal_msp.o
                0x0000000008002a3c                HAL_WWDG_MspInit
 .text.NMI_Handler
                0x0000000008002a5c        0x2 ./Core/Src/stm32l0xx_it.o
                0x0000000008002a5c                NMI_Handler
 .text.HardFault_Handler
                0x0000000008002a5e        0x4 ./Core/Src/stm32l0xx_it.o
                0x0000000008002a5e                HardFault_Handler
 .text.SVC_Handler
                0x0000000008002a62        0x2 ./Core/Src/stm32l0xx_it.o
                0x0000000008002a62                SVC_Handler
 .text.PendSV_Handler
                0x0000000008002a64        0x2 ./Core/Src/stm32l0xx_it.o
                0x0000000008002a64                PendSV_Handler
 .text.SysTick_Handler
                0x0000000008002a66        0x8 ./Core/Src/stm32l0xx_it.o
                0x0000000008002a66                SysTick_Handler
 .text.EXTI0_1_IRQHandler
                0x0000000008002a6e        0x2 ./Core/Src/stm32l0xx_it.o
                0x0000000008002a6e                EXTI0_1_IRQHandler
 .text.EXTI2_3_IRQHandler
                0x0000000008002a70        0x2 ./Core/Src/stm32l0xx_it.o
                0x0000000008002a70                EXTI2_3_IRQHandler
 *fill*         0x0000000008002a72        0x2 
 .text.EXTI4_15_IRQHandler
                0x0000000008002a74       0x40 ./Core/Src/stm32l0xx_it.o
                0x0000000008002a74                EXTI4_15_IRQHandler
 .text.DMA1_Channel4_5_6_7_IRQHandler
                0x0000000008002ab4       0x10 ./Core/Src/stm32l0xx_it.o
                0x0000000008002ab4                DMA1_Channel4_5_6_7_IRQHandler
 .text.USART2_IRQHandler
                0x0000000008002ac4       0x10 ./Core/Src/stm32l0xx_it.o
                0x0000000008002ac4                USART2_IRQHandler
 .text.RTC_IRQHandler
                0x0000000008002ad4       0x10 ./Core/Src/stm32l0xx_it.o
                0x0000000008002ad4                RTC_IRQHandler
 .text.PVD_IRQHandler
                0x0000000008002ae4        0x8 ./Core/Src/stm32l0xx_it.o
                0x0000000008002ae4                PVD_IRQHandler
 .text.tiny_snprintf_like.constprop.0
                0x0000000008002aec       0x1c ./Core/Src/sys_app.o
 .text.TimestampNow
                0x0000000008002b08       0x30 ./Core/Src/sys_app.o
 .text.SystemApp_Init
                0x0000000008002b38       0xe4 ./Core/Src/sys_app.o
                0x0000000008002b38                SystemApp_Init
 .text.UTIL_SEQ_Idle
                0x0000000008002c1c        0x8 ./Core/Src/sys_app.o
                0x0000000008002c1c                UTIL_SEQ_Idle
 .text.GetBatteryLevel
                0x0000000008002c24       0x24 ./Core/Src/sys_app.o
                0x0000000008002c24                GetBatteryLevel
 .text.GetTemperatureLevel
                0x0000000008002c48        0x4 ./Core/Src/sys_app.o
                0x0000000008002c48                GetTemperatureLevel
 .text.GetUniqueId
                0x0000000008002c4c       0x3c ./Core/Src/sys_app.o
                0x0000000008002c4c                GetUniqueId
 .text.SetDevAddr
                0x0000000008002c88        0xc ./Core/Src/sys_app.o
                0x0000000008002c88                SetDevAddr
 .text.GetDevAddr
                0x0000000008002c94        0xc ./Core/Src/sys_app.o
                0x0000000008002c94                GetDevAddr
 .text.UTIL_ADV_TRACE_PreSendHook
                0x0000000008002ca0        0xc ./Core/Src/sys_app.o
                0x0000000008002ca0                UTIL_ADV_TRACE_PreSendHook
 .text.UTIL_ADV_TRACE_PostSendHook
                0x0000000008002cac        0xc ./Core/Src/sys_app.o
                0x0000000008002cac                UTIL_ADV_TRACE_PostSendHook
 .text.HAL_InitTick
                0x0000000008002cb8        0x4 ./Core/Src/sys_app.o
                0x0000000008002cb8                HAL_InitTick
 .text.HAL_GetTick
                0x0000000008002cbc        0x8 ./Core/Src/sys_app.o
                0x0000000008002cbc                HAL_GetTick
 .text.HAL_Delay
                0x0000000008002cc4        0xc ./Core/Src/sys_app.o
                0x0000000008002cc4                HAL_Delay
 .text.OnP2PRxDone
                0x0000000008002cd0       0x10 ./Core/Src/tx_app.o
 .text.OnP2PRxTimeout
                0x0000000008002ce0       0x10 ./Core/Src/tx_app.o
 .text.OnP2PRxError
                0x0000000008002cf0        0x8 ./Core/Src/tx_app.o
 .text.OnTxData
                0x0000000008002cf8       0x10 ./Core/Src/tx_app.o
 .text.OnJoinRequest
                0x0000000008002d08        0x2 ./Core/Src/tx_app.o
 *fill*         0x0000000008002d0a        0x2 
 .text.ReadInput4
                0x0000000008002d0c       0x44 ./Core/Src/tx_app.o
 .text.ReadInput3
                0x0000000008002d50       0x34 ./Core/Src/tx_app.o
 .text.ReadInput2
                0x0000000008002d84       0x34 ./Core/Src/tx_app.o
 .text.ReadInput1
                0x0000000008002db8       0x34 ./Core/Src/tx_app.o
 .text.ReadInput0
                0x0000000008002dec       0x30 ./Core/Src/tx_app.o
 .text.OnP2PTxTimeout
                0x0000000008002e1c       0x2c ./Core/Src/tx_app.o
 .text.OnRxData
                0x0000000008002e48       0x1c ./Core/Src/tx_app.o
 .text.OnMacProcessNotify
                0x0000000008002e64        0xc ./Core/Src/tx_app.o
 .text.OnP2PTxDone
                0x0000000008002e70       0x60 ./Core/Src/tx_app.o
 .text.SendTxData
                0x0000000008002ed0       0x28 ./Core/Src/tx_app.o
 .text.EEPROM_Write
                0x0000000008002ef8       0x38 ./Core/Src/tx_app.o
                0x0000000008002ef8                EEPROM_Write
 .text.P2P_Radio_Init
                0x0000000008002f30       0xa0 ./Core/Src/tx_app.o
                0x0000000008002f30                P2P_Radio_Init
 .text.LoRaWAN_Mode_Init
                0x0000000008002fd0       0x48 ./Core/Src/tx_app.o
                0x0000000008002fd0                LoRaWAN_Mode_Init
 .text.rx_bytes
                0x0000000008003018      0x220 ./Core/Src/tx_app.o
                0x0000000008003018                rx_bytes
 .text.fillBufferAutoTx
                0x0000000008003238       0x9c ./Core/Src/tx_app.o
                0x0000000008003238                fillBufferAutoTx
 .text.fillBufferManualTx
                0x00000000080032d4       0x3c ./Core/Src/tx_app.o
                0x00000000080032d4                fillBufferManualTx
 .text.LED_TX   0x0000000008003310       0x52 ./Core/Src/tx_app.o
                0x0000000008003310                LED_TX
 *fill*         0x0000000008003362        0x2 
 .text.OnTxTimerLedEvent
                0x0000000008003364       0xd0 ./Core/Src/tx_app.o
 .text.LED_Blink
                0x0000000008003434       0x58 ./Core/Src/tx_app.o
                0x0000000008003434                LED_Blink
 .text.App_Send
                0x000000000800348c       0xec ./Core/Src/tx_app.o
                0x000000000800348c                App_Send
 .text.OnTimer  0x0000000008003578       0x40 ./Core/Src/tx_app.o
 .text.OnBtnTimeoutTimer
                0x00000000080035b8       0x54 ./Core/Src/tx_app.o
 .text.EXTI_Init
                0x000000000800360c       0xa0 ./Core/Src/tx_app.o
                0x000000000800360c                EXTI_Init
 .text.TxAppInit
                0x00000000080036ac      0x1dc ./Core/Src/tx_app.o
                0x00000000080036ac                TxAppInit
 .text.MX_USART2_Init
                0x0000000008003888       0x34 ./Core/Src/usart.o
                0x0000000008003888                MX_USART2_Init
 .text.HAL_UART_MspInit
                0x00000000080038bc      0x144 ./Core/Src/usart.o
                0x00000000080038bc                HAL_UART_MspInit
 .text.HAL_UART_MspDeInit
                0x0000000008003a00       0x3c ./Core/Src/usart.o
                0x0000000008003a00                HAL_UART_MspDeInit
 .text.vcom_Init
                0x0000000008003a3c       0x18 ./Core/Src/usart_if.o
                0x0000000008003a3c                vcom_Init
 .text.vcom_DeInit
                0x0000000008003a54       0x34 ./Core/Src/usart_if.o
                0x0000000008003a54                vcom_DeInit
 .text.vcom_Trace_DMA
                0x0000000008003a88       0x14 ./Core/Src/usart_if.o
                0x0000000008003a88                vcom_Trace_DMA
 .text.vcom_ReceiveInit
                0x0000000008003a9c       0x54 ./Core/Src/usart_if.o
                0x0000000008003a9c                vcom_ReceiveInit
 .text.HAL_UART_TxCpltCallback
                0x0000000008003af0       0x10 ./Core/Src/usart_if.o
                0x0000000008003af0                HAL_UART_TxCpltCallback
 .text.HAL_UART_RxCpltCallback
                0x0000000008003b00       0x38 ./Core/Src/usart_if.o
                0x0000000008003b00                HAL_UART_RxCpltCallback
 .text.HAL_UARTEx_RxEventCallback
                0x0000000008003b38       0x28 ./Core/Src/usart_if.o
                0x0000000008003b38                HAL_UARTEx_RxEventCallback
 .text.Reset_Handler
                0x0000000008003b60       0x50 ./Core/Startup/startup_stm32l051k8ux.o
                0x0000000008003b60                Reset_Handler
 .text.Default_Handler
                0x0000000008003bb0        0x2 ./Core/Startup/startup_stm32l051k8ux.o
                0x0000000008003bb0                ADC1_COMP_IRQHandler
                0x0000000008003bb0                TIM6_IRQHandler
                0x0000000008003bb0                I2C1_IRQHandler
                0x0000000008003bb0                SPI1_IRQHandler
                0x0000000008003bb0                I2C2_IRQHandler
                0x0000000008003bb0                RCC_IRQHandler
                0x0000000008003bb0                DMA1_Channel1_IRQHandler
                0x0000000008003bb0                Default_Handler
                0x0000000008003bb0                TIM22_IRQHandler
                0x0000000008003bb0                SPI2_IRQHandler
                0x0000000008003bb0                TIM21_IRQHandler
                0x0000000008003bb0                WWDG_IRQHandler
                0x0000000008003bb0                LPUART1_IRQHandler
                0x0000000008003bb0                TIM2_IRQHandler
                0x0000000008003bb0                DMA1_Channel2_3_IRQHandler
                0x0000000008003bb0                FLASH_IRQHandler
                0x0000000008003bb0                USART1_IRQHandler
                0x0000000008003bb0                LPTIM1_IRQHandler
 *fill*         0x0000000008003bb2        0x2 
 .text.SX1262DVK1CAS_RADIO_IoInit
                0x0000000008003bb4      0x11c ./Drivers/BSP/SX1262DVK1CAS/sx1262dvk1cas.o
                0x0000000008003bb4                SX1262DVK1CAS_RADIO_IoInit
 .text.SX1262DVK1CAS_RADIO_IoDeInit
                0x0000000008003cd0       0x64 ./Drivers/BSP/SX1262DVK1CAS/sx1262dvk1cas.o
                0x0000000008003cd0                SX1262DVK1CAS_RADIO_IoDeInit
 .text.SX1262DVK1CAS_RADIO_IoIrqInit
                0x0000000008003d34       0x34 ./Drivers/BSP/SX1262DVK1CAS/sx1262dvk1cas.o
                0x0000000008003d34                SX1262DVK1CAS_RADIO_IoIrqInit
 .text.SX1262DVK1CAS_RADIO_GetWakeUpTime
                0x0000000008003d68        0x4 ./Drivers/BSP/SX1262DVK1CAS/sx1262dvk1cas.o
                0x0000000008003d68                SX1262DVK1CAS_RADIO_GetWakeUpTime
 .text.SX1262DVK1CAS_RADIO_Reset
                0x0000000008003d6c       0x74 ./Drivers/BSP/SX1262DVK1CAS/sx1262dvk1cas.o
                0x0000000008003d6c                SX1262DVK1CAS_RADIO_Reset
 .text.SX1262DVK1CAS_RADIO_WaitOnBusy
                0x0000000008003de0       0x14 ./Drivers/BSP/SX1262DVK1CAS/sx1262dvk1cas.o
                0x0000000008003de0                SX1262DVK1CAS_RADIO_WaitOnBusy
 .text.SX1262DVK1CAS_RADIO_ChipSelect
                0x0000000008003df4       0x18 ./Drivers/BSP/SX1262DVK1CAS/sx1262dvk1cas.o
                0x0000000008003df4                SX1262DVK1CAS_RADIO_ChipSelect
 .text.SX1262DVK1CAS_RADIO_SetAntSw
                0x0000000008003e0c       0x1c ./Drivers/BSP/SX1262DVK1CAS/sx1262dvk1cas.o
                0x0000000008003e0c                SX1262DVK1CAS_RADIO_SetAntSw
 .text.SX1262DVK1CAS_RADIO_BoardIsTcxo
                0x0000000008003e28        0x4 ./Drivers/BSP/SX1262DVK1CAS/sx1262dvk1cas.o
                0x0000000008003e28                SX1262DVK1CAS_RADIO_BoardIsTcxo
 .text.SX1262DVK1CAS_RADIO_Bus_Init
                0x0000000008003e2c        0x8 ./Drivers/BSP/SX1262DVK1CAS/sx1262dvk1cas.o
                0x0000000008003e2c                SX1262DVK1CAS_RADIO_Bus_Init
 .text.SX1262DVK1CAS_RADIO_SendRecv
                0x0000000008003e34       0x1c ./Drivers/BSP/SX1262DVK1CAS/sx1262dvk1cas.o
                0x0000000008003e34                SX1262DVK1CAS_RADIO_SendRecv
 .text.SX1262DVK1CAS_RADIO_WakeUp
                0x0000000008003e50       0x2c ./Drivers/BSP/SX1262DVK1CAS/sx1262dvk1cas.o
                0x0000000008003e50                SX1262DVK1CAS_RADIO_WakeUp
 .text.SystemInit
                0x0000000008003e7c        0x2 ./Drivers/CMSIS/Device/ST/STM32L0xx/Source/Templates/system_stm32l0xx.o
                0x0000000008003e7c                SystemInit
 *fill*         0x0000000008003e7e        0x2 
 .text.HAL_Init
                0x0000000008003e80       0x28 ./Drivers/STM32L0xx_HAL_Driver/Src/stm32l0xx_hal.o
                0x0000000008003e80                HAL_Init
 .text.HAL_IncTick
                0x0000000008003ea8       0x18 ./Drivers/STM32L0xx_HAL_Driver/Src/stm32l0xx_hal.o
                0x0000000008003ea8                HAL_IncTick
 .text.HAL_GetUIDw0
                0x0000000008003ec0        0xc ./Drivers/STM32L0xx_HAL_Driver/Src/stm32l0xx_hal.o
                0x0000000008003ec0                HAL_GetUIDw0
 .text.HAL_GetUIDw1
                0x0000000008003ecc        0xc ./Drivers/STM32L0xx_HAL_Driver/Src/stm32l0xx_hal.o
                0x0000000008003ecc                HAL_GetUIDw1
 .text.HAL_GetUIDw2
                0x0000000008003ed8        0xc ./Drivers/STM32L0xx_HAL_Driver/Src/stm32l0xx_hal.o
                0x0000000008003ed8                HAL_GetUIDw2
 .text.ADC_DelayMicroSecond
                0x0000000008003ee4       0x2c ./Drivers/STM32L0xx_HAL_Driver/Src/stm32l0xx_hal_adc.o
 .text.ADC_Disable
                0x0000000008003f10       0x68 ./Drivers/STM32L0xx_HAL_Driver/Src/stm32l0xx_hal_adc.o
 .text.ADC_Enable
                0x0000000008003f78       0x70 ./Drivers/STM32L0xx_HAL_Driver/Src/stm32l0xx_hal_adc.o
 .text.ADC_ConversionStop
                0x0000000008003fe8       0x52 ./Drivers/STM32L0xx_HAL_Driver/Src/stm32l0xx_hal_adc.o
 *fill*         0x000000000800403a        0x2 
 .text.HAL_ADC_Init
                0x000000000800403c      0x1b4 ./Drivers/STM32L0xx_HAL_Driver/Src/stm32l0xx_hal_adc.o
                0x000000000800403c                HAL_ADC_Init
 .text.HAL_ADC_DeInit
                0x00000000080041f0       0xa8 ./Drivers/STM32L0xx_HAL_Driver/Src/stm32l0xx_hal_adc.o
                0x00000000080041f0                HAL_ADC_DeInit
 .text.HAL_ADC_Start
                0x0000000008004298       0x58 ./Drivers/STM32L0xx_HAL_Driver/Src/stm32l0xx_hal_adc.o
                0x0000000008004298                HAL_ADC_Start
 .text.HAL_ADC_Stop
                0x00000000080042f0       0x3c ./Drivers/STM32L0xx_HAL_Driver/Src/stm32l0xx_hal_adc.o
                0x00000000080042f0                HAL_ADC_Stop
 .text.HAL_ADC_PollForConversion
                0x000000000800432c       0xbc ./Drivers/STM32L0xx_HAL_Driver/Src/stm32l0xx_hal_adc.o
                0x000000000800432c                HAL_ADC_PollForConversion
 .text.HAL_ADC_GetValue
                0x00000000080043e8        0x6 ./Drivers/STM32L0xx_HAL_Driver/Src/stm32l0xx_hal_adc.o
                0x00000000080043e8                HAL_ADC_GetValue
 *fill*         0x00000000080043ee        0x2 
 .text.HAL_ADC_ConfigChannel
                0x00000000080043f0       0xa8 ./Drivers/STM32L0xx_HAL_Driver/Src/stm32l0xx_hal_adc.o
                0x00000000080043f0                HAL_ADC_ConfigChannel
 .text.HAL_ADCEx_Calibration_Start
                0x0000000008004498       0xa0 ./Drivers/STM32L0xx_HAL_Driver/Src/stm32l0xx_hal_adc_ex.o
                0x0000000008004498                HAL_ADCEx_Calibration_Start
 .text.HAL_NVIC_SetPriority
                0x0000000008004538       0x54 ./Drivers/STM32L0xx_HAL_Driver/Src/stm32l0xx_hal_cortex.o
                0x0000000008004538                HAL_NVIC_SetPriority
 .text.HAL_NVIC_EnableIRQ
                0x000000000800458c       0x18 ./Drivers/STM32L0xx_HAL_Driver/Src/stm32l0xx_hal_cortex.o
                0x000000000800458c                HAL_NVIC_EnableIRQ
 .text.HAL_NVIC_DisableIRQ
                0x00000000080045a4       0x20 ./Drivers/STM32L0xx_HAL_Driver/Src/stm32l0xx_hal_cortex.o
                0x00000000080045a4                HAL_NVIC_DisableIRQ
 .text.HAL_DMA_Init
                0x00000000080045c4       0x88 ./Drivers/STM32L0xx_HAL_Driver/Src/stm32l0xx_hal_dma.o
                0x00000000080045c4                HAL_DMA_Init
 .text.HAL_DMA_DeInit
                0x000000000800464c       0x60 ./Drivers/STM32L0xx_HAL_Driver/Src/stm32l0xx_hal_dma.o
                0x000000000800464c                HAL_DMA_DeInit
 .text.HAL_DMA_Start_IT
                0x00000000080046ac       0x80 ./Drivers/STM32L0xx_HAL_Driver/Src/stm32l0xx_hal_dma.o
                0x00000000080046ac                HAL_DMA_Start_IT
 .text.HAL_DMA_Abort
                0x000000000800472c       0x40 ./Drivers/STM32L0xx_HAL_Driver/Src/stm32l0xx_hal_dma.o
                0x000000000800472c                HAL_DMA_Abort
 .text.HAL_DMA_Abort_IT
                0x000000000800476c       0x4a ./Drivers/STM32L0xx_HAL_Driver/Src/stm32l0xx_hal_dma.o
                0x000000000800476c                HAL_DMA_Abort_IT
 .text.HAL_DMA_IRQHandler
                0x00000000080047b6       0x96 ./Drivers/STM32L0xx_HAL_Driver/Src/stm32l0xx_hal_dma.o
                0x00000000080047b6                HAL_DMA_IRQHandler
 .text.HAL_EXTI_SetConfigLine
                0x000000000800484c       0xa4 ./Drivers/STM32L0xx_HAL_Driver/Src/stm32l0xx_hal_exti.o
                0x000000000800484c                HAL_EXTI_SetConfigLine
 .text.HAL_EXTI_RegisterCallback
                0x00000000080048f0        0xe ./Drivers/STM32L0xx_HAL_Driver/Src/stm32l0xx_hal_exti.o
                0x00000000080048f0                HAL_EXTI_RegisterCallback
 .text.HAL_EXTI_GetHandle
                0x00000000080048fe        0xe ./Drivers/STM32L0xx_HAL_Driver/Src/stm32l0xx_hal_exti.o
                0x00000000080048fe                HAL_EXTI_GetHandle
 .text.HAL_EXTI_IRQHandler
                0x000000000800490c       0x24 ./Drivers/STM32L0xx_HAL_Driver/Src/stm32l0xx_hal_exti.o
                0x000000000800490c                HAL_EXTI_IRQHandler
 .text.HAL_EXTI_ClearPending
                0x0000000008004930       0x14 ./Drivers/STM32L0xx_HAL_Driver/Src/stm32l0xx_hal_exti.o
                0x0000000008004930                HAL_EXTI_ClearPending
 .text.FLASH_SetErrorCode
                0x0000000008004944       0xac ./Drivers/STM32L0xx_HAL_Driver/Src/stm32l0xx_hal_flash.o
 .text.FLASH_WaitForLastOperation
                0x00000000080049f0       0x74 ./Drivers/STM32L0xx_HAL_Driver/Src/stm32l0xx_hal_flash.o
                0x00000000080049f0                FLASH_WaitForLastOperation
 .text.FLASH_OB_ProtectedSectorsConfig
                0x0000000008004a64       0x58 ./Drivers/STM32L0xx_HAL_Driver/Src/stm32l0xx_hal_flash_ex.o
 .text.HAL_FLASHEx_OBProgram
                0x0000000008004abc      0x114 ./Drivers/STM32L0xx_HAL_Driver/Src/stm32l0xx_hal_flash_ex.o
                0x0000000008004abc                HAL_FLASHEx_OBProgram
 .text.HAL_GPIO_Init
                0x0000000008004bd0      0x17c ./Drivers/STM32L0xx_HAL_Driver/Src/stm32l0xx_hal_gpio.o
                0x0000000008004bd0                HAL_GPIO_Init
 .text.HAL_GPIO_DeInit
                0x0000000008004d4c       0xf4 ./Drivers/STM32L0xx_HAL_Driver/Src/stm32l0xx_hal_gpio.o
                0x0000000008004d4c                HAL_GPIO_DeInit
 .text.HAL_GPIO_ReadPin
                0x0000000008004e40        0xc ./Drivers/STM32L0xx_HAL_Driver/Src/stm32l0xx_hal_gpio.o
                0x0000000008004e40                HAL_GPIO_ReadPin
 .text.HAL_GPIO_WritePin
                0x0000000008004e4c        0xc ./Drivers/STM32L0xx_HAL_Driver/Src/stm32l0xx_hal_gpio.o
                0x0000000008004e4c                HAL_GPIO_WritePin
 .text.HAL_PWR_DisablePVD
                0x0000000008004e58       0x10 ./Drivers/STM32L0xx_HAL_Driver/Src/stm32l0xx_hal_pwr.o
                0x0000000008004e58                HAL_PWR_DisablePVD
 .text.HAL_PWR_EnterSLEEPMode
                0x0000000008004e68       0x70 ./Drivers/STM32L0xx_HAL_Driver/Src/stm32l0xx_hal_pwr.o
                0x0000000008004e68                HAL_PWR_EnterSLEEPMode
 .text.HAL_PWR_EnterSTOPMode
                0x0000000008004ed8       0x50 ./Drivers/STM32L0xx_HAL_Driver/Src/stm32l0xx_hal_pwr.o
                0x0000000008004ed8                HAL_PWR_EnterSTOPMode
 .text.HAL_PWR_PVDCallback
                0x0000000008004f28        0x2 ./Drivers/STM32L0xx_HAL_Driver/Src/stm32l0xx_hal_pwr.o
                0x0000000008004f28                HAL_PWR_PVDCallback
 *fill*         0x0000000008004f2a        0x2 
 .text.HAL_PWR_PVD_IRQHandler
                0x0000000008004f2c       0x1c ./Drivers/STM32L0xx_HAL_Driver/Src/stm32l0xx_hal_pwr.o
                0x0000000008004f2c                HAL_PWR_PVD_IRQHandler
 .text.HAL_PWREx_EnableFastWakeUp
                0x0000000008004f48       0x14 ./Drivers/STM32L0xx_HAL_Driver/Src/stm32l0xx_hal_pwr_ex.o
                0x0000000008004f48                HAL_PWREx_EnableFastWakeUp
 .text.HAL_PWREx_EnableUltraLowPower
                0x0000000008004f5c       0x14 ./Drivers/STM32L0xx_HAL_Driver/Src/stm32l0xx_hal_pwr_ex.o
                0x0000000008004f5c                HAL_PWREx_EnableUltraLowPower
 .text.HAL_RCC_GetSysClockFreq
                0x0000000008004f70       0x90 ./Drivers/STM32L0xx_HAL_Driver/Src/stm32l0xx_hal_rcc.o
                0x0000000008004f70                HAL_RCC_GetSysClockFreq
 .text.HAL_RCC_OscConfig
                0x0000000008005000      0x48c ./Drivers/STM32L0xx_HAL_Driver/Src/stm32l0xx_hal_rcc.o
                0x0000000008005000                HAL_RCC_OscConfig
 .text.HAL_RCC_ClockConfig
                0x000000000800548c      0x19c ./Drivers/STM32L0xx_HAL_Driver/Src/stm32l0xx_hal_rcc.o
                0x000000000800548c                HAL_RCC_ClockConfig
 .text.HAL_RCC_GetPCLK1Freq
                0x0000000008005628       0x20 ./Drivers/STM32L0xx_HAL_Driver/Src/stm32l0xx_hal_rcc.o
                0x0000000008005628                HAL_RCC_GetPCLK1Freq
 .text.HAL_RCC_GetPCLK2Freq
                0x0000000008005648       0x20 ./Drivers/STM32L0xx_HAL_Driver/Src/stm32l0xx_hal_rcc.o
                0x0000000008005648                HAL_RCC_GetPCLK2Freq
 .text.HAL_RCCEx_PeriphCLKConfig
                0x0000000008005668      0x188 ./Drivers/STM32L0xx_HAL_Driver/Src/stm32l0xx_hal_rcc_ex.o
                0x0000000008005668                HAL_RCCEx_PeriphCLKConfig
 .text.HAL_RTC_DeactivateAlarm
                0x00000000080057f0       0xc4 ./Drivers/STM32L0xx_HAL_Driver/Src/stm32l0xx_hal_rtc.o
                0x00000000080057f0                HAL_RTC_DeactivateAlarm
 .text.HAL_RTC_AlarmIRQHandler
                0x00000000080058b4       0x60 ./Drivers/STM32L0xx_HAL_Driver/Src/stm32l0xx_hal_rtc.o
                0x00000000080058b4                HAL_RTC_AlarmIRQHandler
 .text.HAL_RTC_WaitForSynchro
                0x0000000008005914       0x34 ./Drivers/STM32L0xx_HAL_Driver/Src/stm32l0xx_hal_rtc.o
                0x0000000008005914                HAL_RTC_WaitForSynchro
 .text.RTC_EnterInitMode
                0x0000000008005948       0x38 ./Drivers/STM32L0xx_HAL_Driver/Src/stm32l0xx_hal_rtc.o
                0x0000000008005948                RTC_EnterInitMode
 .text.HAL_RTC_Init
                0x0000000008005980       0xb8 ./Drivers/STM32L0xx_HAL_Driver/Src/stm32l0xx_hal_rtc.o
                0x0000000008005980                HAL_RTC_Init
 .text.RTC_ByteToBcd2
                0x0000000008005a38       0x16 ./Drivers/STM32L0xx_HAL_Driver/Src/stm32l0xx_hal_rtc.o
                0x0000000008005a38                RTC_ByteToBcd2
 *fill*         0x0000000008005a4e        0x2 
 .text.HAL_RTC_SetTime
                0x0000000008005a50      0x108 ./Drivers/STM32L0xx_HAL_Driver/Src/stm32l0xx_hal_rtc.o
                0x0000000008005a50                HAL_RTC_SetTime
 .text.HAL_RTC_SetDate
                0x0000000008005b58       0xd8 ./Drivers/STM32L0xx_HAL_Driver/Src/stm32l0xx_hal_rtc.o
                0x0000000008005b58                HAL_RTC_SetDate
 .text.HAL_RTC_SetAlarm_IT
                0x0000000008005c30      0x1ac ./Drivers/STM32L0xx_HAL_Driver/Src/stm32l0xx_hal_rtc.o
                0x0000000008005c30                HAL_RTC_SetAlarm_IT
 .text.RTC_Bcd2ToByte
                0x0000000008005ddc       0x12 ./Drivers/STM32L0xx_HAL_Driver/Src/stm32l0xx_hal_rtc.o
                0x0000000008005ddc                RTC_Bcd2ToByte
 *fill*         0x0000000008005dee        0x2 
 .text.HAL_RTC_GetTime
                0x0000000008005df0       0x54 ./Drivers/STM32L0xx_HAL_Driver/Src/stm32l0xx_hal_rtc.o
                0x0000000008005df0                HAL_RTC_GetTime
 .text.HAL_RTC_GetDate
                0x0000000008005e44       0x44 ./Drivers/STM32L0xx_HAL_Driver/Src/stm32l0xx_hal_rtc.o
                0x0000000008005e44                HAL_RTC_GetDate
 .text.HAL_RTCEx_BKUPWrite
                0x0000000008005e88        0xc ./Drivers/STM32L0xx_HAL_Driver/Src/stm32l0xx_hal_rtc_ex.o
                0x0000000008005e88                HAL_RTCEx_BKUPWrite
 .text.HAL_RTCEx_BKUPRead
                0x0000000008005e94        0xc ./Drivers/STM32L0xx_HAL_Driver/Src/stm32l0xx_hal_rtc_ex.o
                0x0000000008005e94                HAL_RTCEx_BKUPRead
 .text.HAL_RTCEx_EnableBypassShadow
                0x0000000008005ea0       0x34 ./Drivers/STM32L0xx_HAL_Driver/Src/stm32l0xx_hal_rtc_ex.o
                0x0000000008005ea0                HAL_RTCEx_EnableBypassShadow
 .text.HAL_RTCEx_AlarmBEventCallback
                0x0000000008005ed4        0x2 ./Drivers/STM32L0xx_HAL_Driver/Src/stm32l0xx_hal_rtc_ex.o
                0x0000000008005ed4                HAL_RTCEx_AlarmBEventCallback
 *fill*         0x0000000008005ed6        0x2 
 .text.SPI_WaitFlagStateUntilTimeout.constprop.0
                0x0000000008005ed8       0xb8 ./Drivers/STM32L0xx_HAL_Driver/Src/stm32l0xx_hal_spi.o
 .text.SPI_EndRxTxTransaction
                0x0000000008005f90       0x64 ./Drivers/STM32L0xx_HAL_Driver/Src/stm32l0xx_hal_spi.o
 .text.HAL_SPI_MspInit
                0x0000000008005ff4        0x2 ./Drivers/STM32L0xx_HAL_Driver/Src/stm32l0xx_hal_spi.o
                0x0000000008005ff4                HAL_SPI_MspInit
 *fill*         0x0000000008005ff6        0x2 
 .text.HAL_SPI_Init
                0x0000000008005ff8       0xc4 ./Drivers/STM32L0xx_HAL_Driver/Src/stm32l0xx_hal_spi.o
                0x0000000008005ff8                HAL_SPI_Init
 .text.HAL_SPI_TransmitReceive
                0x00000000080060bc      0x1f4 ./Drivers/STM32L0xx_HAL_Driver/Src/stm32l0xx_hal_spi.o
                0x00000000080060bc                HAL_SPI_TransmitReceive
 .text.HAL_SPI_GetState
                0x00000000080062b0        0x8 ./Drivers/STM32L0xx_HAL_Driver/Src/stm32l0xx_hal_spi.o
                0x00000000080062b0                HAL_SPI_GetState
 .text.UART_EndRxTransfer
                0x00000000080062b8       0x34 ./Drivers/STM32L0xx_HAL_Driver/Src/stm32l0xx_hal_uart.o
 .text.HAL_UART_Transmit_DMA
                0x00000000080062ec       0xa8 ./Drivers/STM32L0xx_HAL_Driver/Src/stm32l0xx_hal_uart.o
                0x00000000080062ec                HAL_UART_Transmit_DMA
 .text.UART_DMATransmitCplt
                0x0000000008006394       0x34 ./Drivers/STM32L0xx_HAL_Driver/Src/stm32l0xx_hal_uart.o
 .text.HAL_UART_TxHalfCpltCallback
                0x00000000080063c8        0x2 ./Drivers/STM32L0xx_HAL_Driver/Src/stm32l0xx_hal_uart.o
                0x00000000080063c8                HAL_UART_TxHalfCpltCallback
 .text.UART_DMATxHalfCplt
                0x00000000080063ca        0xa ./Drivers/STM32L0xx_HAL_Driver/Src/stm32l0xx_hal_uart.o
 .text.HAL_UART_ErrorCallback
                0x00000000080063d4        0x2 ./Drivers/STM32L0xx_HAL_Driver/Src/stm32l0xx_hal_uart.o
                0x00000000080063d4                HAL_UART_ErrorCallback
 .text.UART_DMAError
                0x00000000080063d6       0x52 ./Drivers/STM32L0xx_HAL_Driver/Src/stm32l0xx_hal_uart.o
 .text.UART_DMAAbortOnError
                0x0000000008006428       0x16 ./Drivers/STM32L0xx_HAL_Driver/Src/stm32l0xx_hal_uart.o
 *fill*         0x000000000800643e        0x2 
 .text.HAL_UART_IRQHandler
                0x0000000008006440      0x230 ./Drivers/STM32L0xx_HAL_Driver/Src/stm32l0xx_hal_uart.o
                0x0000000008006440                HAL_UART_IRQHandler
 .text.UART_RxISR_8BIT
                0x0000000008006670       0x84 ./Drivers/STM32L0xx_HAL_Driver/Src/stm32l0xx_hal_uart.o
 .text.UART_RxISR_16BIT
                0x00000000080066f4       0x80 ./Drivers/STM32L0xx_HAL_Driver/Src/stm32l0xx_hal_uart.o
 .text.UART_SetConfig
                0x0000000008006774      0x218 ./Drivers/STM32L0xx_HAL_Driver/Src/stm32l0xx_hal_uart.o
                0x0000000008006774                UART_SetConfig
 .text.UART_AdvFeatureConfig
                0x000000000800698c       0xd0 ./Drivers/STM32L0xx_HAL_Driver/Src/stm32l0xx_hal_uart.o
                0x000000000800698c                UART_AdvFeatureConfig
 .text.UART_WaitOnFlagUntilTimeout
                0x0000000008006a5c       0x90 ./Drivers/STM32L0xx_HAL_Driver/Src/stm32l0xx_hal_uart.o
                0x0000000008006a5c                UART_WaitOnFlagUntilTimeout
 .text.UART_CheckIdleState
                0x0000000008006aec       0x64 ./Drivers/STM32L0xx_HAL_Driver/Src/stm32l0xx_hal_uart.o
                0x0000000008006aec                UART_CheckIdleState
 .text.HAL_UART_Init
                0x0000000008006b50       0x64 ./Drivers/STM32L0xx_HAL_Driver/Src/stm32l0xx_hal_uart.o
                0x0000000008006b50                HAL_UART_Init
 .text.UART_Start_Receive_IT
                0x0000000008006bb4       0x94 ./Drivers/STM32L0xx_HAL_Driver/Src/stm32l0xx_hal_uart.o
                0x0000000008006bb4                UART_Start_Receive_IT
 .text.HAL_UART_Receive_IT
                0x0000000008006c48       0x68 ./Drivers/STM32L0xx_HAL_Driver/Src/stm32l0xx_hal_uart.o
                0x0000000008006c48                HAL_UART_Receive_IT
 .text.HAL_UARTEx_WakeupCallback
                0x0000000008006cb0        0x2 ./Drivers/STM32L0xx_HAL_Driver/Src/stm32l0xx_hal_uart_ex.o
                0x0000000008006cb0                HAL_UARTEx_WakeupCallback
 *fill*         0x0000000008006cb2        0x2 
 .text.HAL_UARTEx_StopModeWakeUpSourceConfig
                0x0000000008006cb4       0x90 ./Drivers/STM32L0xx_HAL_Driver/Src/stm32l0xx_hal_uart_ex.o
                0x0000000008006cb4                HAL_UARTEx_StopModeWakeUpSourceConfig
 .text.HAL_UARTEx_EnableStopMode
                0x0000000008006d44       0x20 ./Drivers/STM32L0xx_HAL_Driver/Src/stm32l0xx_hal_uart_ex.o
                0x0000000008006d44                HAL_UARTEx_EnableStopMode
 .text.HAL_WWDG_Init
                0x0000000008006d64       0x2a ./Drivers/STM32L0xx_HAL_Driver/Src/stm32l0xx_hal_wwdg.o
                0x0000000008006d64                HAL_WWDG_Init
 .text.HAL_WWDG_Refresh
                0x0000000008006d8e        0xa ./Drivers/STM32L0xx_HAL_Driver/Src/stm32l0xx_hal_wwdg.o
                0x0000000008006d8e                HAL_WWDG_Refresh
 .text.MX_LoRaWAN_Init
                0x0000000008006d98        0x8 ./LoRaWAN/App/app_lorawan.o
                0x0000000008006d98                MX_LoRaWAN_Init
 .text.MX_LoRaWAN_Process
                0x0000000008006da0        0xc ./LoRaWAN/App/app_lorawan.o
                0x0000000008006da0                MX_LoRaWAN_Process
 .text.LoraInfo_Init
                0x0000000008006dac       0x18 ./LoRaWAN/App/lora_info.o
                0x0000000008006dac                LoraInfo_Init
 .text.LoraInfo_GetPtr
                0x0000000008006dc4        0x8 ./LoRaWAN/App/lora_info.o
                0x0000000008006dc4                LoraInfo_GetPtr
 .text.BSP_SPI1_SendRecv
                0x0000000008006dcc       0x28 ./LoRaWAN/Target/nucleo_l053r8_bus.o
                0x0000000008006dcc                BSP_SPI1_SendRecv
 .text.MX_SPI1_Init
                0x0000000008006df4       0x60 ./LoRaWAN/Target/nucleo_l053r8_bus.o
                0x0000000008006df4                MX_SPI1_Init
 .text.BSP_SPI1_Init
                0x0000000008006e54       0x7c ./LoRaWAN/Target/nucleo_l053r8_bus.o
                0x0000000008006e54                BSP_SPI1_Init
 .text.AES_CMAC_Init
                0x0000000008006ed0       0x20 ./Middlewares/Third_Party/LoRaWAN/Crypto/cmac.o
                0x0000000008006ed0                AES_CMAC_Init
 .text.AES_CMAC_SetKey
                0x0000000008006ef0        0xe ./Middlewares/Third_Party/LoRaWAN/Crypto/cmac.o
                0x0000000008006ef0                AES_CMAC_SetKey
 .text.AES_CMAC_Update
                0x0000000008006efe       0xe0 ./Middlewares/Third_Party/LoRaWAN/Crypto/cmac.o
                0x0000000008006efe                AES_CMAC_Update
 .text.AES_CMAC_Final
                0x0000000008006fde      0x152 ./Middlewares/Third_Party/LoRaWAN/Crypto/cmac.o
                0x0000000008006fde                AES_CMAC_Final
 .text.xor_block
                0x0000000008007130       0x82 ./Middlewares/Third_Party/LoRaWAN/Crypto/lorawan_aes.o
 .text.copy_and_key
                0x00000000080071b2       0x84 ./Middlewares/Third_Party/LoRaWAN/Crypto/lorawan_aes.o
 *fill*         0x0000000008007236        0x2 
 .text.lorawan_aes_set_key
                0x0000000008007238      0x110 ./Middlewares/Third_Party/LoRaWAN/Crypto/lorawan_aes.o
                0x0000000008007238                lorawan_aes_set_key
 .text.lorawan_aes_encrypt
                0x0000000008007348      0x26c ./Middlewares/Third_Party/LoRaWAN/Crypto/lorawan_aes.o
                0x0000000008007348                lorawan_aes_encrypt
 .text.GetKeyByID
                0x00000000080075b4       0x2c ./Middlewares/Third_Party/LoRaWAN/Crypto/soft-se.o
 .text.DummyCB  0x00000000080075e0        0x2 ./Middlewares/Third_Party/LoRaWAN/Crypto/soft-se.o
 .text.ComputeCmac
                0x00000000080075e2       0x60 ./Middlewares/Third_Party/LoRaWAN/Crypto/soft-se.o
 *fill*         0x0000000008007642        0x2 
 .text.SecureElementInit
                0x0000000008007644      0x1d4 ./Middlewares/Third_Party/LoRaWAN/Crypto/soft-se.o
                0x0000000008007644                SecureElementInit
 .text.SecureElementRestoreNvmCtx
                0x0000000008007818       0x1c ./Middlewares/Third_Party/LoRaWAN/Crypto/soft-se.o
                0x0000000008007818                SecureElementRestoreNvmCtx
 .text.SecureElementGetNvmCtx
                0x0000000008007834        0xc ./Middlewares/Third_Party/LoRaWAN/Crypto/soft-se.o
                0x0000000008007834                SecureElementGetNvmCtx
 .text.SecureElementComputeAesCmac
                0x0000000008007840       0x16 ./Middlewares/Third_Party/LoRaWAN/Crypto/soft-se.o
                0x0000000008007840                SecureElementComputeAesCmac
 .text.SecureElementVerifyAesCmac
                0x0000000008007856       0x30 ./Middlewares/Third_Party/LoRaWAN/Crypto/soft-se.o
                0x0000000008007856                SecureElementVerifyAesCmac
 .text.SecureElementAesEncrypt
                0x0000000008007886       0x62 ./Middlewares/Third_Party/LoRaWAN/Crypto/soft-se.o
                0x0000000008007886                SecureElementAesEncrypt
 .text.SecureElementSetKey.part.0
                0x00000000080078e8       0x70 ./Middlewares/Third_Party/LoRaWAN/Crypto/soft-se.o
 .text.SecureElementSetKey
                0x0000000008007958       0x12 ./Middlewares/Third_Party/LoRaWAN/Crypto/soft-se.o
                0x0000000008007958                SecureElementSetKey
 .text.SecureElementDeriveAndStoreKey
                0x000000000800796a       0x40 ./Middlewares/Third_Party/LoRaWAN/Crypto/soft-se.o
                0x000000000800796a                SecureElementDeriveAndStoreKey
 *fill*         0x00000000080079aa        0x2 
 .text.SecureElementRandomNumber
                0x00000000080079ac       0x1c ./Middlewares/Third_Party/LoRaWAN/Crypto/soft-se.o
                0x00000000080079ac                SecureElementRandomNumber
 .text.SecureElementSetDevEui
                0x00000000080079c8       0x24 ./Middlewares/Third_Party/LoRaWAN/Crypto/soft-se.o
                0x00000000080079c8                SecureElementSetDevEui
 .text.SecureElementGetDevEui
                0x00000000080079ec        0x8 ./Middlewares/Third_Party/LoRaWAN/Crypto/soft-se.o
                0x00000000080079ec                SecureElementGetDevEui
 .text.SecureElementSetJoinEui
                0x00000000080079f4       0x24 ./Middlewares/Third_Party/LoRaWAN/Crypto/soft-se.o
                0x00000000080079f4                SecureElementSetJoinEui
 .text.SecureElementGetJoinEui
                0x0000000008007a18        0x8 ./Middlewares/Third_Party/LoRaWAN/Crypto/soft-se.o
                0x0000000008007a18                SecureElementGetJoinEui
 .text.MlmeIndication
                0x0000000008007a20       0x10 ./Middlewares/Third_Party/LoRaWAN/LmHandler/LmHandler.o
 .text.LmHandlerDeviceTimeReq
                0x0000000008007a30       0x16 ./Middlewares/Third_Party/LoRaWAN/LmHandler/LmHandler.o
 *fill*         0x0000000008007a46        0x2 
 .text.McpsConfirm
                0x0000000008007a48       0x54 ./Middlewares/Third_Party/LoRaWAN/LmHandler/LmHandler.o
 .text.LmHandlerConfigure
                0x0000000008007a9c      0x154 ./Middlewares/Third_Party/LoRaWAN/LmHandler/LmHandler.o
                0x0000000008007a9c                LmHandlerConfigure
 .text.LmHandlerProcess
                0x0000000008007bf0       0x3c ./Middlewares/Third_Party/LoRaWAN/LmHandler/LmHandler.o
                0x0000000008007bf0                LmHandlerProcess
 .text.LmHandlerJoinStatus
                0x0000000008007c2c       0x26 ./Middlewares/Third_Party/LoRaWAN/LmHandler/LmHandler.o
                0x0000000008007c2c                LmHandlerJoinStatus
 *fill*         0x0000000008007c52        0x2 
 .text.LmHandlerRequestClass
                0x0000000008007c54       0x80 ./Middlewares/Third_Party/LoRaWAN/LmHandler/LmHandler.o
                0x0000000008007c54                LmHandlerRequestClass
 .text.LmHandlerJoin
                0x0000000008007cd4       0x98 ./Middlewares/Third_Party/LoRaWAN/LmHandler/LmHandler.o
                0x0000000008007cd4                LmHandlerJoin
 .text.LmHandlerSend
                0x0000000008007d6c       0xd0 ./Middlewares/Third_Party/LoRaWAN/LmHandler/LmHandler.o
                0x0000000008007d6c                LmHandlerSend
 .text.LmHandlerPackageRegister
                0x0000000008007e3c       0x4c ./Middlewares/Third_Party/LoRaWAN/LmHandler/LmHandler.o
                0x0000000008007e3c                LmHandlerPackageRegister
 .text.LmHandlerInit
                0x0000000008007e88       0x68 ./Middlewares/Third_Party/LoRaWAN/LmHandler/LmHandler.o
                0x0000000008007e88                LmHandlerInit
 .text.LmHandlerGetCurrentClass
                0x0000000008007ef0       0x2a ./Middlewares/Third_Party/LoRaWAN/LmHandler/LmHandler.o
                0x0000000008007ef0                LmHandlerGetCurrentClass
 *fill*         0x0000000008007f1a        0x2 
 .text.McpsIndication
                0x0000000008007f1c       0xc4 ./Middlewares/Third_Party/LoRaWAN/LmHandler/LmHandler.o
 .text.LmHandlerGetTxDatarate
                0x0000000008007fe0       0x34 ./Middlewares/Third_Party/LoRaWAN/LmHandler/LmHandler.o
                0x0000000008007fe0                LmHandlerGetTxDatarate
 .text.MlmeConfirm
                0x0000000008008014       0x88 ./Middlewares/Third_Party/LoRaWAN/LmHandler/LmHandler.o
 .text.LmHandlerGetDevEUI
                0x000000000800809c       0x1c ./Middlewares/Third_Party/LoRaWAN/LmHandler/LmHandler.o
                0x000000000800809c                LmHandlerGetDevEUI
 .text.NvmCtxMgmtEvent
                0x00000000080080b8        0x2 ./Middlewares/Third_Party/LoRaWAN/LmHandler/NvmCtxMgmt.o
                0x00000000080080b8                NvmCtxMgmtEvent
 .text.NvmCtxMgmtStore
                0x00000000080080ba        0x4 ./Middlewares/Third_Party/LoRaWAN/LmHandler/NvmCtxMgmt.o
                0x00000000080080ba                NvmCtxMgmtStore
 .text.NvmCtxMgmtRestore
                0x00000000080080be        0x4 ./Middlewares/Third_Party/LoRaWAN/LmHandler/NvmCtxMgmt.o
                0x00000000080080be                NvmCtxMgmtRestore
 *fill*         0x00000000080080c2        0x2 
 .text.LmhpComplianceInit
                0x00000000080080c4       0x28 ./Middlewares/Third_Party/LoRaWAN/LmHandler/Packages/LmhpCompliance.o
 .text.LmhpComplianceIsInitialized
                0x00000000080080ec        0xc ./Middlewares/Third_Party/LoRaWAN/LmHandler/Packages/LmhpCompliance.o
 .text.LmhpComplianceIsRunning
                0x00000000080080f8       0x10 ./Middlewares/Third_Party/LoRaWAN/LmHandler/Packages/LmhpCompliance.o
 .text.LmhpComplianceProcess
                0x0000000008008108        0x2 ./Middlewares/Third_Party/LoRaWAN/LmHandler/Packages/LmhpCompliance.o
 *fill*         0x000000000800810a        0x2 
 .text.LmhpComplianceOnMcpsConfirm
                0x000000000800810c       0x28 ./Middlewares/Third_Party/LoRaWAN/LmHandler/Packages/LmhpCompliance.o
 .text.LmhpComplianceOnMlmeConfirm
                0x0000000008008134       0x20 ./Middlewares/Third_Party/LoRaWAN/LmHandler/Packages/LmhpCompliance.o
 .text.LmhpComplianceTxProcess.isra.0
                0x0000000008008154       0x78 ./Middlewares/Third_Party/LoRaWAN/LmHandler/Packages/LmhpCompliance.o
 .text.OnComplianceTxNextPacketTimerEvent
                0x00000000080081cc        0x8 ./Middlewares/Third_Party/LoRaWAN/LmHandler/Packages/LmhpCompliance.o
 .text.LmhpComplianceOnMcpsIndication
                0x00000000080081d4      0x1c4 ./Middlewares/Third_Party/LoRaWAN/LmHandler/Packages/LmhpCompliance.o
 .text.LmphCompliancePackageFactory
                0x0000000008008398        0x8 ./Middlewares/Third_Party/LoRaWAN/LmHandler/Packages/LmhpCompliance.o
                0x0000000008008398                LmphCompliancePackageFactory
 .text.OnRadioRxError
                0x00000000080083a0       0x2c ./Middlewares/Third_Party/LoRaWAN/Mac/LoRaMac.o
 .text.UpdateRxSlotIdleState
                0x00000000080083cc       0x20 ./Middlewares/Third_Party/LoRaWAN/Mac/LoRaMac.o
 .text.CallNvmCtxCallback
                0x00000000080083ec       0x1c ./Middlewares/Third_Party/LoRaWAN/Mac/LoRaMac.o
 .text.EventMacNvmCtxChanged
                0x0000000008008408        0xa ./Middlewares/Third_Party/LoRaWAN/Mac/LoRaMac.o
 .text.EventRegionNvmCtxChanged
                0x0000000008008412        0xa ./Middlewares/Third_Party/LoRaWAN/Mac/LoRaMac.o
 .text.EventCryptoNvmCtxChanged
                0x000000000800841c        0xa ./Middlewares/Third_Party/LoRaWAN/Mac/LoRaMac.o
 .text.EventSecureElementNvmCtxChanged
                0x0000000008008426        0xa ./Middlewares/Third_Party/LoRaWAN/Mac/LoRaMac.o
 .text.EventCommandsNvmCtxChanged
                0x0000000008008430        0xa ./Middlewares/Third_Party/LoRaWAN/Mac/LoRaMac.o
 .text.EventConfirmQueueNvmCtxChanged
                0x000000000800843a        0xa ./Middlewares/Third_Party/LoRaWAN/Mac/LoRaMac.o
 .text.GetMaxAppPayloadWithoutFOptsLength
                0x0000000008008444       0x3c ./Middlewares/Third_Party/LoRaWAN/Mac/LoRaMac.o
 .text.OnAckTimeoutTimerEvent
                0x0000000008008480       0x5c ./Middlewares/Third_Party/LoRaWAN/Mac/LoRaMac.o
 .text.PrepareRxDoneAbort
                0x00000000080084dc       0x3c ./Middlewares/Third_Party/LoRaWAN/Mac/LoRaMac.o
 .text.OnRadioRxTimeout
                0x0000000008008518       0x3c ./Middlewares/Third_Party/LoRaWAN/Mac/LoRaMac.o
 .text.OnRadioTxTimeout
                0x0000000008008554       0x3c ./Middlewares/Third_Party/LoRaWAN/Mac/LoRaMac.o
 .text.HandleRadioRxErrorTimeout
                0x0000000008008590       0x98 ./Middlewares/Third_Party/LoRaWAN/Mac/LoRaMac.o
 .text.ResetMacParameters
                0x0000000008008628       0xe4 ./Middlewares/Third_Party/LoRaWAN/Mac/LoRaMac.o
 .text.OpenContinuousRxCWindow
                0x000000000800870c       0x74 ./Middlewares/Third_Party/LoRaWAN/Mac/LoRaMac.o
 .text.SwitchClass
                0x0000000008008780       0xe0 ./Middlewares/Third_Party/LoRaWAN/Mac/LoRaMac.o
 .text.OnRadioRxDone
                0x0000000008008860       0x58 ./Middlewares/Third_Party/LoRaWAN/Mac/LoRaMac.o
 .text.OnRadioTxDone
                0x00000000080088b8       0x58 ./Middlewares/Third_Party/LoRaWAN/Mac/LoRaMac.o
 .text.ScheduleTx
                0x0000000008008910      0x33c ./Middlewares/Third_Party/LoRaWAN/Mac/LoRaMac.o
 .text.RxWindowSetup.constprop.0
                0x0000000008008c4c       0x4c ./Middlewares/Third_Party/LoRaWAN/Mac/LoRaMac.o
 .text.OnRxWindow1TimerEvent
                0x0000000008008c98       0x60 ./Middlewares/Third_Party/LoRaWAN/Mac/LoRaMac.o
 .text.OnRxWindow2TimerEvent
                0x0000000008008cf8       0x68 ./Middlewares/Third_Party/LoRaWAN/Mac/LoRaMac.o
 .text.ProcessMacCommands.constprop.0
                0x0000000008008d60      0x4a4 ./Middlewares/Third_Party/LoRaWAN/Mac/LoRaMac.o
 .text.StopRetransmission.isra.0
                0x0000000008009204       0x5c ./Middlewares/Third_Party/LoRaWAN/Mac/LoRaMac.o
 .text.OnTxDelayedTimerEvent
                0x0000000008009260       0x64 ./Middlewares/Third_Party/LoRaWAN/Mac/LoRaMac.o
 .text.LoRaMacIsBusy
                0x00000000080092c4       0x24 ./Middlewares/Third_Party/LoRaWAN/Mac/LoRaMac.o
                0x00000000080092c4                LoRaMacIsBusy
 .text.LoRaMacProcess
                0x00000000080092e8      0x95c ./Middlewares/Third_Party/LoRaWAN/Mac/LoRaMac.o
                0x00000000080092e8                LoRaMacProcess
 .text.LoRaMacInitialization
                0x0000000008009c44      0x3b4 ./Middlewares/Third_Party/LoRaWAN/Mac/LoRaMac.o
                0x0000000008009c44                LoRaMacInitialization
 .text.LoRaMacStart
                0x0000000008009ff8       0x10 ./Middlewares/Third_Party/LoRaWAN/Mac/LoRaMac.o
                0x0000000008009ff8                LoRaMacStart
 .text.LoRaMacQueryTxPossible
                0x000000000800a008       0xb8 ./Middlewares/Third_Party/LoRaWAN/Mac/LoRaMac.o
                0x000000000800a008                LoRaMacQueryTxPossible
 .text.LoRaMacMibGetRequestConfirm
                0x000000000800a0c0      0x1fc ./Middlewares/Third_Party/LoRaWAN/Mac/LoRaMac.o
                0x000000000800a0c0                LoRaMacMibGetRequestConfirm
 .text.LoRaMacMibSetRequestConfirm
                0x000000000800a2bc      0x43c ./Middlewares/Third_Party/LoRaWAN/Mac/LoRaMac.o
                0x000000000800a2bc                LoRaMacMibSetRequestConfirm
 .text.LoRaMacMlmeRequest
                0x000000000800a6f8      0x1f0 ./Middlewares/Third_Party/LoRaWAN/Mac/LoRaMac.o
                0x000000000800a6f8                LoRaMacMlmeRequest
 .text.LoRaMacMcpsRequest
                0x000000000800a8e8      0x36c ./Middlewares/Third_Party/LoRaWAN/Mac/LoRaMac.o
                0x000000000800a8e8                LoRaMacMcpsRequest
 .text.LoRaMacTestSetDutyCycleOn
                0x000000000800ac54       0x2c ./Middlewares/Third_Party/LoRaWAN/Mac/LoRaMac.o
                0x000000000800ac54                LoRaMacTestSetDutyCycleOn
 .text.LoRaMacAdrCalcNext
                0x000000000800ac80       0xd2 ./Middlewares/Third_Party/LoRaWAN/Mac/LoRaMacAdr.o
                0x000000000800ac80                LoRaMacAdrCalcNext
 *fill*         0x000000000800ad52        0x2 
 .text.NvmCtxCallback
                0x000000000800ad54       0x14 ./Middlewares/Third_Party/LoRaWAN/Mac/LoRaMacCommands.o
 .text.LoRaMacCommandsInit
                0x000000000800ad68       0x24 ./Middlewares/Third_Party/LoRaWAN/Mac/LoRaMacCommands.o
                0x000000000800ad68                LoRaMacCommandsInit
 .text.LoRaMacCommandsRestoreNvmCtx
                0x000000000800ad8c       0x1c ./Middlewares/Third_Party/LoRaWAN/Mac/LoRaMacCommands.o
                0x000000000800ad8c                LoRaMacCommandsRestoreNvmCtx
 .text.LoRaMacCommandsGetNvmCtx
                0x000000000800ada8        0xc ./Middlewares/Third_Party/LoRaWAN/Mac/LoRaMacCommands.o
                0x000000000800ada8                LoRaMacCommandsGetNvmCtx
 .text.LoRaMacCommandsAddCmd
                0x000000000800adb4       0x9c ./Middlewares/Third_Party/LoRaWAN/Mac/LoRaMacCommands.o
                0x000000000800adb4                LoRaMacCommandsAddCmd
 .text.LoRaMacCommandsRemoveCmd
                0x000000000800ae50       0x58 ./Middlewares/Third_Party/LoRaWAN/Mac/LoRaMacCommands.o
                0x000000000800ae50                LoRaMacCommandsRemoveCmd
 .text.LoRaMacCommandsRemoveNoneStickyCmds
                0x000000000800aea8       0x28 ./Middlewares/Third_Party/LoRaWAN/Mac/LoRaMacCommands.o
                0x000000000800aea8                LoRaMacCommandsRemoveNoneStickyCmds
 .text.LoRaMacCommandsRemoveStickyAnsCmds
                0x000000000800aed0       0x30 ./Middlewares/Third_Party/LoRaWAN/Mac/LoRaMacCommands.o
                0x000000000800aed0                LoRaMacCommandsRemoveStickyAnsCmds
 .text.LoRaMacCommandsGetSizeSerializedCmds
                0x000000000800af00       0x18 ./Middlewares/Third_Party/LoRaWAN/Mac/LoRaMacCommands.o
                0x000000000800af00                LoRaMacCommandsGetSizeSerializedCmds
 .text.LoRaMacCommandsSerializeCmds
                0x000000000800af18       0x64 ./Middlewares/Third_Party/LoRaWAN/Mac/LoRaMacCommands.o
                0x000000000800af18                LoRaMacCommandsSerializeCmds
 .text.LoRaMacCommandsStickyCmdsPending
                0x000000000800af7c       0x2c ./Middlewares/Third_Party/LoRaWAN/Mac/LoRaMacCommands.o
                0x000000000800af7c                LoRaMacCommandsStickyCmdsPending
 .text.LoRaMacCommandsGetCmdSize
                0x000000000800afa8       0x14 ./Middlewares/Third_Party/LoRaWAN/Mac/LoRaMacCommands.o
                0x000000000800afa8                LoRaMacCommandsGetCmdSize
 .text.GetElement.constprop.0
                0x000000000800afbc       0x3c ./Middlewares/Third_Party/LoRaWAN/Mac/LoRaMacConfirmQueue.o
 .text.LoRaMacConfirmQueueInit
                0x000000000800aff8       0x30 ./Middlewares/Third_Party/LoRaWAN/Mac/LoRaMacConfirmQueue.o
                0x000000000800aff8                LoRaMacConfirmQueueInit
 .text.LoRaMacConfirmQueueRestoreNvmCtx
                0x000000000800b028       0x1c ./Middlewares/Third_Party/LoRaWAN/Mac/LoRaMacConfirmQueue.o
                0x000000000800b028                LoRaMacConfirmQueueRestoreNvmCtx
 .text.LoRaMacConfirmQueueGetNvmCtx
                0x000000000800b044        0xc ./Middlewares/Third_Party/LoRaWAN/Mac/LoRaMacConfirmQueue.o
                0x000000000800b044                LoRaMacConfirmQueueGetNvmCtx
 .text.LoRaMacConfirmQueueAdd
                0x000000000800b050       0x3c ./Middlewares/Third_Party/LoRaWAN/Mac/LoRaMacConfirmQueue.o
                0x000000000800b050                LoRaMacConfirmQueueAdd
 .text.LoRaMacConfirmQueueRemoveFirst
                0x000000000800b08c       0x28 ./Middlewares/Third_Party/LoRaWAN/Mac/LoRaMacConfirmQueue.o
                0x000000000800b08c                LoRaMacConfirmQueueRemoveFirst
 .text.LoRaMacConfirmQueueSetStatus
                0x000000000800b0b4       0x28 ./Middlewares/Third_Party/LoRaWAN/Mac/LoRaMacConfirmQueue.o
                0x000000000800b0b4                LoRaMacConfirmQueueSetStatus
 .text.LoRaMacConfirmQueueGetStatus
                0x000000000800b0dc       0x24 ./Middlewares/Third_Party/LoRaWAN/Mac/LoRaMacConfirmQueue.o
                0x000000000800b0dc                LoRaMacConfirmQueueGetStatus
 .text.LoRaMacConfirmQueueSetStatusCmn
                0x000000000800b100       0x38 ./Middlewares/Third_Party/LoRaWAN/Mac/LoRaMacConfirmQueue.o
                0x000000000800b100                LoRaMacConfirmQueueSetStatusCmn
 .text.LoRaMacConfirmQueueIsCmdActive
                0x000000000800b138       0x18 ./Middlewares/Third_Party/LoRaWAN/Mac/LoRaMacConfirmQueue.o
                0x000000000800b138                LoRaMacConfirmQueueIsCmdActive
 .text.LoRaMacConfirmQueueHandleCb
                0x000000000800b150       0x58 ./Middlewares/Third_Party/LoRaWAN/Mac/LoRaMacConfirmQueue.o
                0x000000000800b150                LoRaMacConfirmQueueHandleCb
 .text.LoRaMacConfirmQueueGetCnt
                0x000000000800b1a8        0xc ./Middlewares/Third_Party/LoRaWAN/Mac/LoRaMacConfirmQueue.o
                0x000000000800b1a8                LoRaMacConfirmQueueGetCnt
 .text.LoRaMacConfirmQueueIsFull
                0x000000000800b1b4       0x14 ./Middlewares/Third_Party/LoRaWAN/Mac/LoRaMacConfirmQueue.o
                0x000000000800b1b4                LoRaMacConfirmQueueIsFull
 .text.DummyCB  0x000000000800b1c8        0x2 ./Middlewares/Third_Party/LoRaWAN/Mac/LoRaMacCrypto.o
 .text.PayloadEncrypt
                0x000000000800b1ca       0xbe ./Middlewares/Third_Party/LoRaWAN/Mac/LoRaMacCrypto.o
 .text.LoRaMacCryptoDeriveMcKEKey.part.0
                0x000000000800b288       0x2c ./Middlewares/Third_Party/LoRaWAN/Mac/LoRaMacCrypto.o
 .text.GetLastFcntDown.constprop.0
                0x000000000800b2b4       0x44 ./Middlewares/Third_Party/LoRaWAN/Mac/LoRaMacCrypto.o
 .text.VerifyCmacB0.constprop.0.isra.0
                0x000000000800b2f8       0x88 ./Middlewares/Third_Party/LoRaWAN/Mac/LoRaMacCrypto.o
 .text.LoRaMacCryptoInit
                0x000000000800b380       0x4c ./Middlewares/Third_Party/LoRaWAN/Mac/LoRaMacCrypto.o
                0x000000000800b380                LoRaMacCryptoInit
 .text.LoRaMacCryptoSetLrWanVersion
                0x000000000800b3cc       0x10 ./Middlewares/Third_Party/LoRaWAN/Mac/LoRaMacCrypto.o
                0x000000000800b3cc                LoRaMacCryptoSetLrWanVersion
 .text.LoRaMacCryptoRestoreNvmCtx
                0x000000000800b3dc       0x1c ./Middlewares/Third_Party/LoRaWAN/Mac/LoRaMacCrypto.o
                0x000000000800b3dc                LoRaMacCryptoRestoreNvmCtx
 .text.LoRaMacCryptoGetNvmCtx
                0x000000000800b3f8        0xc ./Middlewares/Third_Party/LoRaWAN/Mac/LoRaMacCrypto.o
                0x000000000800b3f8                LoRaMacCryptoGetNvmCtx
 .text.LoRaMacCryptoGetFCntUp
                0x000000000800b404       0x1c ./Middlewares/Third_Party/LoRaWAN/Mac/LoRaMacCrypto.o
                0x000000000800b404                LoRaMacCryptoGetFCntUp
 .text.LoRaMacCryptoGetFCntDown
                0x000000000800b420       0x22 ./Middlewares/Third_Party/LoRaWAN/Mac/LoRaMacCrypto.o
                0x000000000800b420                LoRaMacCryptoGetFCntDown
 *fill*         0x000000000800b442        0x2 
 .text.LoRaMacCryptoSetMulticastReference
                0x000000000800b444       0x18 ./Middlewares/Third_Party/LoRaWAN/Mac/LoRaMacCrypto.o
                0x000000000800b444                LoRaMacCryptoSetMulticastReference
 .text.LoRaMacCryptoPrepareJoinRequest
                0x000000000800b45c       0x60 ./Middlewares/Third_Party/LoRaWAN/Mac/LoRaMacCrypto.o
                0x000000000800b45c                LoRaMacCryptoPrepareJoinRequest
 .text.LoRaMacCryptoSecureMessage
                0x000000000800b4bc       0xd0 ./Middlewares/Third_Party/LoRaWAN/Mac/LoRaMacCrypto.o
                0x000000000800b4bc                LoRaMacCryptoSecureMessage
 .text.LoRaMacCryptoUnsecureMessage
                0x000000000800b58c       0xc4 ./Middlewares/Third_Party/LoRaWAN/Mac/LoRaMacCrypto.o
                0x000000000800b58c                LoRaMacCryptoUnsecureMessage
 .text.LoRaMacCryptoDeriveMcRootKey
                0x000000000800b650       0x40 ./Middlewares/Third_Party/LoRaWAN/Mac/LoRaMacCrypto.o
                0x000000000800b650                LoRaMacCryptoDeriveMcRootKey
 .text.LoRaMacCryptoSetKey
                0x000000000800b690       0x26 ./Middlewares/Third_Party/LoRaWAN/Mac/LoRaMacCrypto.o
                0x000000000800b690                LoRaMacCryptoSetKey
 .text.LoRaMacParserData
                0x000000000800b6b6       0xb6 ./Middlewares/Third_Party/LoRaWAN/Mac/LoRaMacParser.o
                0x000000000800b6b6                LoRaMacParserData
 .text.LoRaMacSerializerJoinRequest
                0x000000000800b76c       0x6a ./Middlewares/Third_Party/LoRaWAN/Mac/LoRaMacSerializer.o
                0x000000000800b76c                LoRaMacSerializerJoinRequest
 .text.LoRaMacSerializerData
                0x000000000800b7d6       0xde ./Middlewares/Third_Party/LoRaWAN/Mac/LoRaMacSerializer.o
                0x000000000800b7d6                LoRaMacSerializerData
 .text.RegionIsActive
                0x000000000800b8b4        0xa ./Middlewares/Third_Party/LoRaWAN/Mac/Region/Region.o
                0x000000000800b8b4                RegionIsActive
 .text.RegionGetPhyParam
                0x000000000800b8be       0x18 ./Middlewares/Third_Party/LoRaWAN/Mac/Region/Region.o
                0x000000000800b8be                RegionGetPhyParam
 .text.RegionSetBandTxDone
                0x000000000800b8d6        0xe ./Middlewares/Third_Party/LoRaWAN/Mac/Region/Region.o
                0x000000000800b8d6                RegionSetBandTxDone
 .text.RegionInitDefaults
                0x000000000800b8e4        0xe ./Middlewares/Third_Party/LoRaWAN/Mac/Region/Region.o
                0x000000000800b8e4                RegionInitDefaults
 .text.RegionGetNvmCtx
                0x000000000800b8f2       0x14 ./Middlewares/Third_Party/LoRaWAN/Mac/Region/Region.o
                0x000000000800b8f2                RegionGetNvmCtx
 .text.RegionVerify
                0x000000000800b906       0x18 ./Middlewares/Third_Party/LoRaWAN/Mac/Region/Region.o
                0x000000000800b906                RegionVerify
 .text.RegionChanMaskSet
                0x000000000800b91e       0x14 ./Middlewares/Third_Party/LoRaWAN/Mac/Region/Region.o
                0x000000000800b91e                RegionChanMaskSet
 .text.RegionComputeRxWindowParameters
                0x000000000800b932       0x16 ./Middlewares/Third_Party/LoRaWAN/Mac/Region/Region.o
                0x000000000800b932                RegionComputeRxWindowParameters
 .text.RegionRxConfig
                0x000000000800b948       0x18 ./Middlewares/Third_Party/LoRaWAN/Mac/Region/Region.o
                0x000000000800b948                RegionRxConfig
 .text.RegionTxConfig
                0x000000000800b960       0x1a ./Middlewares/Third_Party/LoRaWAN/Mac/Region/Region.o
                0x000000000800b960                RegionTxConfig
 .text.RegionLinkAdrReq
                0x000000000800b97a       0x20 ./Middlewares/Third_Party/LoRaWAN/Mac/Region/Region.o
                0x000000000800b97a                RegionLinkAdrReq
 .text.RegionRxParamSetupReq
                0x000000000800b99a       0x14 ./Middlewares/Third_Party/LoRaWAN/Mac/Region/Region.o
                0x000000000800b99a                RegionRxParamSetupReq
 .text.RegionNewChannelReq
                0x000000000800b9ae       0x14 ./Middlewares/Third_Party/LoRaWAN/Mac/Region/Region.o
                0x000000000800b9ae                RegionNewChannelReq
 .text.RegionTxParamSetupReq
                0x000000000800b9c2       0x14 ./Middlewares/Third_Party/LoRaWAN/Mac/Region/Region.o
                0x000000000800b9c2                RegionTxParamSetupReq
 .text.RegionDlChannelReq
                0x000000000800b9d6       0x14 ./Middlewares/Third_Party/LoRaWAN/Mac/Region/Region.o
                0x000000000800b9d6                RegionDlChannelReq
 .text.RegionAlternateDr
                0x000000000800b9ea       0x18 ./Middlewares/Third_Party/LoRaWAN/Mac/Region/Region.o
                0x000000000800b9ea                RegionAlternateDr
 .text.RegionNextChannel
                0x000000000800ba02       0x1c ./Middlewares/Third_Party/LoRaWAN/Mac/Region/Region.o
                0x000000000800ba02                RegionNextChannel
 .text.RegionSetContinuousWave
                0x000000000800ba1e        0xe ./Middlewares/Third_Party/LoRaWAN/Mac/Region/Region.o
                0x000000000800ba1e                RegionSetContinuousWave
 .text.RegionApplyDrOffset
                0x000000000800ba2c       0x1a ./Middlewares/Third_Party/LoRaWAN/Mac/Region/Region.o
                0x000000000800ba2c                RegionApplyDrOffset
 *fill*         0x000000000800ba46        0x2 
 .text.RegionGetVersion
                0x000000000800ba48        0x8 ./Middlewares/Third_Party/LoRaWAN/Mac/Region/Region.o
                0x000000000800ba48                RegionGetVersion
 .text.GetBandwidth
                0x000000000800ba50       0x28 ./Middlewares/Third_Party/LoRaWAN/Mac/Region/RegionAU915.o
 .text.GetTimeOnAir
                0x000000000800ba78       0x38 ./Middlewares/Third_Party/LoRaWAN/Mac/Region/RegionAU915.o
 .text.VerifyRfFreq
                0x000000000800bab0       0x3c ./Middlewares/Third_Party/LoRaWAN/Mac/Region/RegionAU915.o
 .text.RegionAU915GetPhyParam
                0x000000000800baec      0x168 ./Middlewares/Third_Party/LoRaWAN/Mac/Region/RegionAU915.o
                0x000000000800baec                RegionAU915GetPhyParam
 .text.RegionAU915SetBandTxDone
                0x000000000800bc54       0x30 ./Middlewares/Third_Party/LoRaWAN/Mac/Region/RegionAU915.o
                0x000000000800bc54                RegionAU915SetBandTxDone
 .text.RegionAU915InitDefaults
                0x000000000800bc84       0xf4 ./Middlewares/Third_Party/LoRaWAN/Mac/Region/RegionAU915.o
                0x000000000800bc84                RegionAU915InitDefaults
 .text.RegionAU915GetNvmCtx
                0x000000000800bd78       0x10 ./Middlewares/Third_Party/LoRaWAN/Mac/Region/RegionAU915.o
                0x000000000800bd78                RegionAU915GetNvmCtx
 .text.RegionAU915Verify
                0x000000000800bd88       0x52 ./Middlewares/Third_Party/LoRaWAN/Mac/Region/RegionAU915.o
                0x000000000800bd88                RegionAU915Verify
 *fill*         0x000000000800bdda        0x2 
 .text.RegionAU915ChanMaskSet
                0x000000000800bddc       0x58 ./Middlewares/Third_Party/LoRaWAN/Mac/Region/RegionAU915.o
                0x000000000800bddc                RegionAU915ChanMaskSet
 .text.RegionAU915ComputeRxWindowParameters
                0x000000000800be34       0x5c ./Middlewares/Third_Party/LoRaWAN/Mac/Region/RegionAU915.o
                0x000000000800be34                RegionAU915ComputeRxWindowParameters
 .text.RegionAU915RxConfig
                0x000000000800be90       0xb8 ./Middlewares/Third_Party/LoRaWAN/Mac/Region/RegionAU915.o
                0x000000000800be90                RegionAU915RxConfig
 .text.RegionAU915TxConfig
                0x000000000800bf48       0xd8 ./Middlewares/Third_Party/LoRaWAN/Mac/Region/RegionAU915.o
                0x000000000800bf48                RegionAU915TxConfig
 .text.RegionAU915LinkAdrReq
                0x000000000800c020      0x1d8 ./Middlewares/Third_Party/LoRaWAN/Mac/Region/RegionAU915.o
                0x000000000800c020                RegionAU915LinkAdrReq
 .text.RegionAU915RxParamSetupReq
                0x000000000800c1f8       0x4e ./Middlewares/Third_Party/LoRaWAN/Mac/Region/RegionAU915.o
                0x000000000800c1f8                RegionAU915RxParamSetupReq
 .text.RegionAU915NewChannelReq
                0x000000000800c246        0x4 ./Middlewares/Third_Party/LoRaWAN/Mac/Region/RegionAU915.o
                0x000000000800c246                RegionAU915NewChannelReq
 .text.RegionAU915TxParamSetupReq
                0x000000000800c24a        0x4 ./Middlewares/Third_Party/LoRaWAN/Mac/Region/RegionAU915.o
                0x000000000800c24a                RegionAU915TxParamSetupReq
 .text.RegionAU915DlChannelReq
                0x000000000800c24e        0x4 ./Middlewares/Third_Party/LoRaWAN/Mac/Region/RegionAU915.o
                0x000000000800c24e                RegionAU915DlChannelReq
 *fill*         0x000000000800c252        0x2 
 .text.RegionAU915AlternateDr
                0x000000000800c254       0x24 ./Middlewares/Third_Party/LoRaWAN/Mac/Region/RegionAU915.o
                0x000000000800c254                RegionAU915AlternateDr
 .text.RegionAU915NextChannel
                0x000000000800c278       0xe8 ./Middlewares/Third_Party/LoRaWAN/Mac/Region/RegionAU915.o
                0x000000000800c278                RegionAU915NextChannel
 .text.RegionAU915SetContinuousWave
                0x000000000800c360       0x54 ./Middlewares/Third_Party/LoRaWAN/Mac/Region/RegionAU915.o
                0x000000000800c360                RegionAU915SetContinuousWave
 .text.RegionAU915ApplyDrOffset
                0x000000000800c3b4       0x1c ./Middlewares/Third_Party/LoRaWAN/Mac/Region/RegionAU915.o
                0x000000000800c3b4                RegionAU915ApplyDrOffset
 .text.RegionCommonChanVerifyDr
                0x000000000800c3d0       0x6c ./Middlewares/Third_Party/LoRaWAN/Mac/Region/RegionCommon.o
                0x000000000800c3d0                RegionCommonChanVerifyDr
 .text.RegionCommonValueInRange
                0x000000000800c43c       0x14 ./Middlewares/Third_Party/LoRaWAN/Mac/Region/RegionCommon.o
                0x000000000800c43c                RegionCommonValueInRange
 .text.RegionCommonChanDisable
                0x000000000800c450       0x28 ./Middlewares/Third_Party/LoRaWAN/Mac/Region/RegionCommon.o
                0x000000000800c450                RegionCommonChanDisable
 .text.RegionCommonCountChannels
                0x000000000800c478       0x3e ./Middlewares/Third_Party/LoRaWAN/Mac/Region/RegionCommon.o
                0x000000000800c478                RegionCommonCountChannels
 .text.RegionCommonChanMaskCopy
                0x000000000800c4b6       0x1c ./Middlewares/Third_Party/LoRaWAN/Mac/Region/RegionCommon.o
                0x000000000800c4b6                RegionCommonChanMaskCopy
 *fill*         0x000000000800c4d2        0x2 
 .text.RegionCommonSetBandTxDone
                0x000000000800c4d4       0x5c ./Middlewares/Third_Party/LoRaWAN/Mac/Region/RegionCommon.o
                0x000000000800c4d4                RegionCommonSetBandTxDone
 .text.RegionCommonUpdateBandTimeOff
                0x000000000800c530      0x100 ./Middlewares/Third_Party/LoRaWAN/Mac/Region/RegionCommon.o
                0x000000000800c530                RegionCommonUpdateBandTimeOff
 .text.RegionCommonParseLinkAdrReq
                0x000000000800c630       0x36 ./Middlewares/Third_Party/LoRaWAN/Mac/Region/RegionCommon.o
                0x000000000800c630                RegionCommonParseLinkAdrReq
 .text.RegionCommonLinkAdrReqVerifyParams
                0x000000000800c666       0x8c ./Middlewares/Third_Party/LoRaWAN/Mac/Region/RegionCommon.o
                0x000000000800c666                RegionCommonLinkAdrReqVerifyParams
 *fill*         0x000000000800c6f2        0x2 
 .text.RegionCommonComputeSymbolTimeLoRa
                0x000000000800c6f4       0x14 ./Middlewares/Third_Party/LoRaWAN/Mac/Region/RegionCommon.o
                0x000000000800c6f4                RegionCommonComputeSymbolTimeLoRa
 .text.RegionCommonComputeRxWindowParameters
                0x000000000800c708       0x54 ./Middlewares/Third_Party/LoRaWAN/Mac/Region/RegionCommon.o
                0x000000000800c708                RegionCommonComputeRxWindowParameters
 .text.RegionCommonComputeTxPower
                0x000000000800c75c       0x2a ./Middlewares/Third_Party/LoRaWAN/Mac/Region/RegionCommon.o
                0x000000000800c75c                RegionCommonComputeTxPower
 .text.RegionCommonCountNbOfEnabledChannels
                0x000000000800c786       0xb8 ./Middlewares/Third_Party/LoRaWAN/Mac/Region/RegionCommon.o
                0x000000000800c786                RegionCommonCountNbOfEnabledChannels
 .text.RegionCommonIdentifyChannels
                0x000000000800c83e       0x88 ./Middlewares/Third_Party/LoRaWAN/Mac/Region/RegionCommon.o
                0x000000000800c83e                RegionCommonIdentifyChannels
 *fill*         0x000000000800c8c6        0x2 
 .text.RegionCommonRxConfigPrint
                0x000000000800c8c8       0x54 ./Middlewares/Third_Party/LoRaWAN/Mac/Region/RegionCommon.o
                0x000000000800c8c8                RegionCommonRxConfigPrint
 .text.RegionCommonTxConfigPrint
                0x000000000800c91c       0x18 ./Middlewares/Third_Party/LoRaWAN/Mac/Region/RegionCommon.o
                0x000000000800c91c                RegionCommonTxConfigPrint
 .text.srand1   0x000000000800c934        0xc ./Middlewares/Third_Party/LoRaWAN/Utilities/utilities.o
                0x000000000800c934                srand1
 .text.randr    0x000000000800c940       0x38 ./Middlewares/Third_Party/LoRaWAN/Utilities/utilities.o
                0x000000000800c940                randr
 .text.memcpy1  0x000000000800c978       0x12 ./Middlewares/Third_Party/LoRaWAN/Utilities/utilities.o
                0x000000000800c978                memcpy1
 .text.memcpyr  0x000000000800c98a       0x18 ./Middlewares/Third_Party/LoRaWAN/Utilities/utilities.o
                0x000000000800c98a                memcpyr
 .text.memset1  0x000000000800c9a2        0x8 ./Middlewares/Third_Party/LoRaWAN/Utilities/utilities.o
                0x000000000800c9a2                memset1
 .text.RadioCheckRfFrequency
                0x000000000800c9aa        0x4 ./Middlewares/Third_Party/SubGHz_Phy/sx126x/radio.o
                0x000000000800c9aa                RadioCheckRfFrequency
 *fill*         0x000000000800c9ae        0x2 
 .text.RadioTimeOnAir
                0x000000000800c9b0       0xd0 ./Middlewares/Third_Party/SubGHz_Phy/sx126x/radio.o
                0x000000000800c9b0                RadioTimeOnAir
 .text.RadioOnTxTimeoutIrq
                0x000000000800ca80       0x18 ./Middlewares/Third_Party/SubGHz_Phy/sx126x/radio.o
                0x000000000800ca80                RadioOnTxTimeoutIrq
 .text.RadioOnRxTimeoutIrq
                0x000000000800ca98       0x18 ./Middlewares/Third_Party/SubGHz_Phy/sx126x/radio.o
                0x000000000800ca98                RadioOnRxTimeoutIrq
 .text.RadioStandby