../Middlewares/Third_Party/LoRaWAN/Mac/LoRaMac.c:857:13:OnRadioRxError	8	static
../Middlewares/Third_Party/LoRaWAN/Mac/LoRaMac.c:878:13:UpdateRxSlotIdleState	0	static
../Middlewares/Third_Party/LoRaWAN/Mac/LoRaMac.c:3165:13:CallNvmCtxCallback	8	static
../Middlewares/Third_Party/LoRaWAN/Mac/LoRaMac.c:3173:13:EventMacNvmCtxChanged	8	static
../Middlewares/Third_Party/LoRaWAN/Mac/LoRaMac.c:3178:13:EventRegionNvmCtxChanged	8	static
../Middlewares/Third_Party/LoRaWAN/Mac/LoRaMac.c:3183:13:EventCryptoNvmCtxChanged	8	static
../Middlewares/Third_Party/LoRaWAN/Mac/LoRaMac.c:3188:13:EventSecureElementNvmCtxChanged	8	static
../Middlewares/Third_Party/LoRaWAN/Mac/LoRaMac.c:3193:13:EventCommandsNvmCtxChanged	8	static
../Middlewares/Third_Party/LoRaWAN/Mac/LoRaMac.c:3203:13:EventConfirmQueueNvmCtxChanged	8	static
../Middlewares/Third_Party/LoRaWAN/Mac/LoRaMac.c:1910:16:GetMaxAppPayloadWithoutFOptsLength	24	static
../Middlewares/Third_Party/LoRaWAN/Mac/LoRaMac.c:1755:13:OnAckTimeoutTimerEvent	8	static
../Middlewares/Third_Party/LoRaWAN/Mac/LoRaMac.c:936:13:PrepareRxDoneAbort	8	static
../Middlewares/Third_Party/LoRaWAN/Mac/LoRaMac.c:867:13:OnRadioRxTimeout	8	static
../Middlewares/Third_Party/LoRaWAN/Mac/LoRaMac.c:846:13:OnRadioTxTimeout	8	static
../Middlewares/Third_Party/LoRaWAN/Mac/LoRaMac.c:1400:13:HandleRadioRxErrorTimeout	32	static
../Middlewares/Third_Party/LoRaWAN/Mac/LoRaMac.c:2653:13:ResetMacParameters	32	static
../Middlewares/Third_Party/LoRaWAN/Mac/LoRaMac.c:2725:13:OpenContinuousRxCWindow	40	static
../Middlewares/Third_Party/LoRaWAN/Mac/LoRaMac.c:1823:24:SwitchClass	32	static
../Middlewares/Third_Party/LoRaWAN/Mac/LoRaMac.c:829:13:OnRadioRxDone	24	static
../Middlewares/Third_Party/LoRaWAN/Mac/LoRaMac.c:815:13:OnRadioTxDone	24	static
../Middlewares/Third_Party/LoRaWAN/Mac/LoRaMac.c:2503:24:ScheduleTx	104	static
../Middlewares/Third_Party/LoRaWAN/Mac/LoRaMac.c:2711:13:RxWindowSetup.constprop	32	static
../Middlewares/Third_Party/LoRaWAN/Mac/LoRaMac.c:1725:13:OnRxWindow1TimerEvent	8	static
../Middlewares/Third_Party/LoRaWAN/Mac/LoRaMac.c:1737:13:OnRxWindow2TimerEvent	8	static
../Middlewares/Third_Party/LoRaWAN/Mac/LoRaMac.c:1954:13:ProcessMacCommands.constprop	104	static
../Middlewares/Third_Party/LoRaWAN/Mac/LoRaMac.c:3110:13:StopRetransmission.isra	0	static
../Middlewares/Third_Party/LoRaWAN/Mac/LoRaMac.c:1699:13:OnTxDelayedTimerEvent	8	static
../Middlewares/Third_Party/LoRaWAN/Mac/LoRaMac.c:3219:6:LoRaMacIsBusy	0	static
../Middlewares/Third_Party/LoRaWAN/Mac/LoRaMac.c:3229:6:LoRaMacProcess	136	static,ignoring_inline_asm
../Middlewares/Third_Party/LoRaWAN/Mac/LoRaMac.c:3264:17:LoRaMacInitialization	72	static
../Middlewares/Third_Party/LoRaWAN/Mac/LoRaMac.c:3485:17:LoRaMacStart	0	static
../Middlewares/Third_Party/LoRaWAN/Mac/LoRaMac.c:3491:17:LoRaMacStop	8	static
../Middlewares/Third_Party/LoRaWAN/Mac/LoRaMac.c:3505:17:LoRaMacQueryTxPossible	56	static
../Middlewares/Third_Party/LoRaWAN/Mac/LoRaMac.c:3563:17:LoRaMacMibGetRequestConfirm	32	static
../Middlewares/Third_Party/LoRaWAN/Mac/LoRaMac.c:3755:17:LoRaMacMibSetRequestConfirm	40	static
../Middlewares/Third_Party/LoRaWAN/Mac/LoRaMac.c:4430:17:LoRaMacChannelAdd	48	static
../Middlewares/Third_Party/LoRaWAN/Mac/LoRaMac.c:4450:17:LoRaMacChannelRemove	16	static
../Middlewares/Third_Party/LoRaWAN/Mac/LoRaMac.c:4473:17:LoRaMacMcChannelSetup	24	static
../Middlewares/Third_Party/LoRaWAN/Mac/LoRaMac.c:4537:17:LoRaMacMcChannelDelete	56	static
../Middlewares/Third_Party/LoRaWAN/Mac/LoRaMac.c:4562:9:LoRaMacMcChannelGetGroupId	0	static
../Middlewares/Third_Party/LoRaWAN/Mac/LoRaMac.c:4574:17:LoRaMacMcChannelSetupRxParams	40	static
../Middlewares/Third_Party/LoRaWAN/Mac/LoRaMac.c:4640:17:LoRaMacMlmeRequest	56	static
../Middlewares/Third_Party/LoRaWAN/Mac/LoRaMac.c:4797:17:LoRaMacMcpsRequest	104	static
../Middlewares/Third_Party/LoRaWAN/Mac/LoRaMac.c:4911:6:LoRaMacTestSetDutyCycleOn	24	static
../Middlewares/Third_Party/LoRaWAN/Mac/LoRaMac.c:4923:17:LoRaMacDeInitialization	16	static
