../Middlewares/Third_Party/LoRaWAN/Mac/LoRaMacCrypto.c:925:13:DummyCB	0	static
../Middlewares/Third_Party/LoRaWAN/Mac/LoRaMacCrypto.c:656:30:DeriveSessionKey10x	40	static
../Middlewares/Third_Party/LoRaWAN/Mac/LoRaMacCrypto.c:252:30:PayloadEncrypt	72	static
../Middlewares/Third_Party/LoRaWAN/Mac/LoRaMacCrypto.c:1600:23:LoRaMacCryptoDeriveMcKEKey.part.0	24	static
../Middlewares/Third_Party/LoRaWAN/Mac/LoRaMacCrypto.c:793:30:GetLastFcntDown.constprop	4	static
../Middlewares/Third_Party/LoRaWAN/Mac/LoRaMacCrypto.c:495:30:VerifyCmacB0.constprop.isra	304	static
../Middlewares/Third_Party/LoRaWAN/Mac/LoRaMacCrypto.c:934:23:LoRaMacCryptoInit	16	static
../Middlewares/Third_Party/LoRaWAN/Mac/LoRaMacCrypto.c:964:23:LoRaMacCryptoSetLrWanVersion	0	static
../Middlewares/Third_Party/LoRaWAN/Mac/LoRaMacCrypto.c:970:23:LoRaMacCryptoRestoreNvmCtx	8	static
../Middlewares/Third_Party/LoRaWAN/Mac/LoRaMacCrypto.c:984:7:LoRaMacCryptoGetNvmCtx	0	static
../Middlewares/Third_Party/LoRaWAN/Mac/LoRaMacCrypto.c:990:23:LoRaMacCryptoGetFCntUp	0	static
../Middlewares/Third_Party/LoRaWAN/Mac/LoRaMacCrypto.c:1002:23:LoRaMacCryptoGetFCntDown	24	static
../Middlewares/Third_Party/LoRaWAN/Mac/LoRaMacCrypto.c:1057:23:LoRaMacCryptoSetMulticastReference	0	static
../Middlewares/Third_Party/LoRaWAN/Mac/LoRaMacCrypto.c:1094:23:LoRaMacCryptoPrepareJoinRequest	32	static
../Middlewares/Third_Party/LoRaWAN/Mac/LoRaMacCrypto.c:1380:23:LoRaMacCryptoSecureMessage	56	static
../Middlewares/Third_Party/LoRaWAN/Mac/LoRaMacCrypto.c:1484:23:LoRaMacCryptoUnsecureMessage	48	static
../Middlewares/Third_Party/LoRaWAN/Mac/LoRaMacCrypto.c:1579:23:LoRaMacCryptoDeriveMcRootKey	24	static
../Middlewares/Third_Party/LoRaWAN/Mac/LoRaMacCrypto.c:1073:23:LoRaMacCryptoSetKey	16	static
../Middlewares/Third_Party/LoRaWAN/Mac/LoRaMacCrypto.c:1225:23:LoRaMacCryptoHandleJoinAccept	88	static
../Middlewares/Third_Party/LoRaWAN/Mac/LoRaMacCrypto.c:1600:23:LoRaMacCryptoDeriveMcKEKey	8	static
../Middlewares/Third_Party/LoRaWAN/Mac/LoRaMacCrypto.c:1617:23:LoRaMacCryptoDeriveMcSessionKeyPair	64	static
