../Middlewares/Third_Party/LoRaWAN/Mac/LoRaMacConfirmQueue.c:144:28:GetElement.constprop	16	static
../Middlewares/Third_Party/LoRaWAN/Mac/LoRaMacConfirmQueue.c:166:6:LoRaMacConfirmQueueInit	16	static
../Middlewares/Third_Party/LoRaWAN/Mac/LoRaMacConfirmQueue.c:189:6:LoRaMacConfirmQueueRestoreNvmCtx	8	static
../Middlewares/Third_Party/LoRaWAN/Mac/LoRaMacConfirmQueue.c:203:7:LoRaMacConfirmQueueGetNvmCtx	0	static
../Middlewares/Third_Party/LoRaWAN/Mac/LoRaMacConfirmQueue.c:209:6:LoRaMacConfirmQueueAdd	12	static
../Middlewares/Third_Party/LoRaWAN/Mac/LoRaMacConfirmQueue.c:230:6:LoRaMacConfirmQueueRemoveLast	0	static
../Middlewares/Third_Party/LoRaWAN/Mac/LoRaMacConfirmQueue.c:245:6:LoRaMacConfirmQueueRemoveFirst	8	static
../Middlewares/Third_Party/LoRaWAN/Mac/LoRaMacConfirmQueue.c:260:6:LoRaMacConfirmQueueSetStatus	8	static
../Middlewares/Third_Party/LoRaWAN/Mac/LoRaMacConfirmQueue.c:275:26:LoRaMacConfirmQueueGetStatus	8	static
../Middlewares/Third_Party/LoRaWAN/Mac/LoRaMacConfirmQueue.c:290:6:LoRaMacConfirmQueueSetStatusCmn	16	static
../Middlewares/Third_Party/LoRaWAN/Mac/LoRaMacConfirmQueue.c:312:26:LoRaMacConfirmQueueGetStatusCmn	0	static
../Middlewares/Third_Party/LoRaWAN/Mac/LoRaMacConfirmQueue.c:317:6:LoRaMacConfirmQueueIsCmdActive	8	static
../Middlewares/Third_Party/LoRaWAN/Mac/LoRaMacConfirmQueue.c:326:6:LoRaMacConfirmQueueHandleCb	40	static
../Middlewares/Third_Party/LoRaWAN/Mac/LoRaMacConfirmQueue.c:361:9:LoRaMacConfirmQueueGetCnt	0	static
../Middlewares/Third_Party/LoRaWAN/Mac/LoRaMacConfirmQueue.c:366:6:LoRaMacConfirmQueueIsFull	0	static
