../Middlewares/Third_Party/SubGHz_Phy/sx126x/radio.c:803:6:RadioCheckRfFrequency	0	static
../Middlewares/Third_Party/SubGHz_Phy/sx126x/radio.c:933:10:RadioTimeOnAir	32	static
../Middlewares/Third_Party/SubGHz_Phy/sx126x/radio.c:1115:6:RadioOnTxTimeoutIrq	8	static
../Middlewares/Third_Party/SubGHz_Phy/sx126x/radio.c:1123:6:RadioOnRxTimeoutIrq	8	static
../Middlewares/Third_Party/SubGHz_Phy/sx126x/radio.c:983:6:RadioStandby	8	static
../Middlewares/Third_Party/SubGHz_Phy/sx126x/radio.c:557:14:RadioGetStatus	8	static
../Middlewares/Third_Party/SubGHz_Phy/sx126x/radio.c:585:6:RadioSetChannel	8	static
../Middlewares/Third_Party/SubGHz_Phy/sx126x/radio.c:1067:9:RadioRead	8	static
../Middlewares/Third_Party/SubGHz_Phy/sx126x/radio.c:1062:6:RadioWrite	8	static
../Middlewares/Third_Party/SubGHz_Phy/sx126x/radio.c:951:6:RadioSend	16	static
../Middlewares/Third_Party/SubGHz_Phy/sx126x/radio.c:973:6:RadioSleep	8	static
../Middlewares/Third_Party/SubGHz_Phy/sx126x/radio.c:1034:6:RadioSetRxDutyCycle	8	static
../Middlewares/Third_Party/SubGHz_Phy/sx126x/radio.c:1045:6:RadioSetTxContinuousWave	16	static
../Middlewares/Third_Party/SubGHz_Phy/sx126x/radio.c:1072:6:RadioWriteBuffer	8	static
../Middlewares/Third_Party/SubGHz_Phy/sx126x/radio.c:1077:6:RadioReadBuffer	8	static
../Middlewares/Third_Party/SubGHz_Phy/sx126x/radio.c:1110:10:RadioGetWakeupTime	8	static
../Middlewares/Third_Party/SubGHz_Phy/sx126x/radio.c:536:10:RadioInit	24	static
../Middlewares/Third_Party/SubGHz_Phy/sx126x/radio.c:1082:6:RadioSetMaxPayloadLength	8	static
../Middlewares/Third_Party/SubGHz_Phy/sx126x/radio.c:988:6:RadioRx	16	static
../Middlewares/Third_Party/SubGHz_Phy/sx126x/radio.c:1011:6:RadioRxBoosted	16	static
../Middlewares/Third_Party/SubGHz_Phy/sx126x/radio.c:1138:6:RadioIrqProcess	32	static,ignoring_inline_asm
../Middlewares/Third_Party/SubGHz_Phy/sx126x/radio.c:1131:6:RadioOnDioIrq	8	static
../Middlewares/Third_Party/SubGHz_Phy/sx126x/radio.c:1091:6:RadioSetPublicNetwork	8	static
../Middlewares/Third_Party/SubGHz_Phy/sx126x/radio.c:572:6:RadioSetModem.part.0	8	static
../Middlewares/Third_Party/SubGHz_Phy/sx126x/radio.c:572:6:RadioSetModem	8	static
../Middlewares/Third_Party/SubGHz_Phy/sx126x/radio.c:626:10:RadioRandom	8	static
../Middlewares/Third_Party/SubGHz_Phy/sx126x/radio.c:644:6:RadioSetRxConfig	48	static
../Middlewares/Third_Party/SubGHz_Phy/sx126x/radio.c:733:6:RadioSetTxConfig	48	static
../Middlewares/Third_Party/SubGHz_Phy/sx126x/radio.c:1039:6:RadioStartCad	8	static
../Middlewares/Third_Party/SubGHz_Phy/sx126x/radio.c:1057:9:RadioRssi	8	static
