../Middlewares/Third_Party/SubGHz_Phy/sx126x/sx126x.c:149:6:SX126xFreqCorrection	0	static
../Middlewares/Third_Party/SubGHz_Phy/sx126x/sx126x.c:154:23:SX126xGetOperatingMode	0	static
../Middlewares/Third_Party/SubGHz_Phy/sx126x/sx126x.c:159:6:SX126xSetOperatingMode	0	static
../Middlewares/Third_Party/SubGHz_Phy/sx126x/sx126x.c:164:6:SX126xCheckDeviceReady	8	static
../Middlewares/Third_Party/SubGHz_Phy/sx126x/sx126x.c:496:20:SX126xGetPacketType	0	static
../Middlewares/Third_Party/SubGHz_Phy/sx126x/sx126x.c:697:6:SX126xWriteCommand	16	static
../Middlewares/Third_Party/SubGHz_Phy/sx126x/sx126x.c:230:6:SX126xSetSleep	16	static
../Middlewares/Third_Party/SubGHz_Phy/sx126x/sx126x.c:241:6:SX126xSetStandby	16	static
../Middlewares/Third_Party/SubGHz_Phy/sx126x/sx126x.c:254:6:SX126xSetFs	8	static
../Middlewares/Third_Party/SubGHz_Phy/sx126x/sx126x.c:306:6:SX126xSetRxDutyCycle	16	static
../Middlewares/Third_Party/SubGHz_Phy/sx126x/sx126x.c:320:6:SX126xSetCad	8	static
../Middlewares/Third_Party/SubGHz_Phy/sx126x/sx126x.c:326:6:SX126xSetTxContinuousWave	8	static
../Middlewares/Third_Party/SubGHz_Phy/sx126x/sx126x.c:332:6:SX126xSetTxInfinitePreamble	8	static
../Middlewares/Third_Party/SubGHz_Phy/sx126x/sx126x.c:338:6:SX126xSetStopRxTimerOnPreambleDetect	16	static
../Middlewares/Third_Party/SubGHz_Phy/sx126x/sx126x.c:364:6:SX126xSetRegulatorMode	16	static
../Middlewares/Third_Party/SubGHz_Phy/sx126x/sx126x.c:369:6:SX126xCalibrate	16	static
../Middlewares/Third_Party/SubGHz_Phy/sx126x/sx126x.c:382:6:SX126xCalibrateImage	16	static
../Middlewares/Third_Party/SubGHz_Phy/sx126x/sx126x.c:414:6:SX126xSetPaConfig	16	static
../Middlewares/Third_Party/SubGHz_Phy/sx126x/sx126x.c:425:6:SX126xSetRxTxFallbackMode	16	static
../Middlewares/Third_Party/SubGHz_Phy/sx126x/sx126x.c:430:6:SX126xSetDioIrqParams	24	static
../Middlewares/Third_Party/SubGHz_Phy/sx126x/sx126x.c:453:6:SX126xSetDio2AsRfSwitchCtrl	16	static
../Middlewares/Third_Party/SubGHz_Phy/sx126x/sx126x.c:458:6:SX126xSetDio3AsTcxoCtrl	16	static
../Middlewares/Third_Party/SubGHz_Phy/sx126x/sx126x.c:124:6:SX126xInit	16	static
../Middlewares/Third_Party/SubGHz_Phy/sx126x/sx126x.c:470:6:SX126xSetRfFrequency	24	static
../Middlewares/Third_Party/SubGHz_Phy/sx126x/sx126x.c:489:6:SX126xSetPacketType	16	static
../Middlewares/Third_Party/SubGHz_Phy/sx126x/sx126x.c:529:6:SX126xSetModulationParams	16	static
../Middlewares/Third_Party/SubGHz_Phy/sx126x/sx126x.c:554:6:SX126xSetPacketParams	32	static
../Middlewares/Third_Party/SubGHz_Phy/sx126x/sx126x.c:579:6:SX126xSetCadParams	24	static
../Middlewares/Third_Party/SubGHz_Phy/sx126x/sx126x.c:594:6:SX126xSetBufferBaseAddress	16	static
../Middlewares/Third_Party/SubGHz_Phy/sx126x/sx126x.c:682:6:SX126xClearDeviceErrors	16	static
../Middlewares/Third_Party/SubGHz_Phy/sx126x/sx126x.c:688:6:SX126xClearIrqStatus	16	static
../Middlewares/Third_Party/SubGHz_Phy/sx126x/sx126x.c:718:9:SX126xReadCommand	16	static
../Middlewares/Third_Party/SubGHz_Phy/sx126x/sx126x.c:445:10:SX126xGetIrqStatus	16	static
../Middlewares/Third_Party/SubGHz_Phy/sx126x/sx126x.c:603:15:SX126xGetStatus	8	static
../Middlewares/Third_Party/SubGHz_Phy/sx126x/sx126x.c:614:8:SX126xGetRssiInst	16	static
../Middlewares/Third_Party/SubGHz_Phy/sx126x/sx126x.c:643:6:SX126xGetPacketStatus	24	static
../Middlewares/Third_Party/SubGHz_Phy/sx126x/sx126x.c:665:14:SX126xGetDeviceErrors	16	static
../Middlewares/Third_Party/SubGHz_Phy/sx126x/sx126x.c:740:6:SX126xWriteRegisters	16	static
../Middlewares/Third_Party/SubGHz_Phy/sx126x/sx126x.c:199:9:SX126xSetSyncWord	8	static
../Middlewares/Third_Party/SubGHz_Phy/sx126x/sx126x.c:760:6:SX126xWriteRegister	16	static
../Middlewares/Third_Party/SubGHz_Phy/sx126x/sx126x.c:260:6:SX126xSetTx	24	static
../Middlewares/Third_Party/SubGHz_Phy/sx126x/sx126x.c:276:6:SX126xSetRx	24	static
../Middlewares/Third_Party/SubGHz_Phy/sx126x/sx126x.c:292:6:SX126xSetRxBoosted	16	static
../Middlewares/Third_Party/SubGHz_Phy/sx126x/sx126x.c:343:6:SX126xSetLoRaSymbNumTimeout	16	static
../Middlewares/Third_Party/SubGHz_Phy/sx126x/sx126x.c:765:6:SX126xReadRegisters	16	static
../Middlewares/Third_Party/SubGHz_Phy/sx126x/sx126x.c:784:9:SX126xReadRegister	16	static
../Middlewares/Third_Party/SubGHz_Phy/sx126x/sx126x.c:205:10:SX126xGetRandom	40	static
../Middlewares/Third_Party/SubGHz_Phy/sx126x/sx126x.c:506:6:SX126xSetTxParams	24	static
../Middlewares/Third_Party/SubGHz_Phy/sx126x/sx126x.c:501:6:SX126xSetRfTxPower	8	static
../Middlewares/Third_Party/SubGHz_Phy/sx126x/sx126x.c:624:6:SX126xGetRxBufferStatus	24	static
../Middlewares/Third_Party/SubGHz_Phy/sx126x/sx126x.c:791:6:SX126xWriteBuffer	16	static
../Middlewares/Third_Party/SubGHz_Phy/sx126x/sx126x.c:175:6:SX126xSetPayload	8	static
../Middlewares/Third_Party/SubGHz_Phy/sx126x/sx126x.c:193:6:SX126xSendPayload	8	static
../Middlewares/Third_Party/SubGHz_Phy/sx126x/sx126x.c:808:6:SX126xReadBuffer	16	static
../Middlewares/Third_Party/SubGHz_Phy/sx126x/sx126x.c:180:9:SX126xGetPayload	32	static
