../Middlewares/Third_Party/LoRaWAN/LmHandler/LmHandler.c:1553:13:MlmeIndication	0	static
../Middlewares/Third_Party/LoRaWAN/LmHandler/LmHandler.c:1316:31:LmHandlerDeviceTimeReq	32	static
../Middlewares/Third_Party/LoRaWAN/LmHandler/LmHandler.c:1385:13:McpsConfirm	16	static
../Middlewares/Third_Party/LoRaWAN/LmHandler/LmHandler.c:326:24:LmHandlerConfigure	112	static
../Middlewares/Third_Party/LoRaWAN/LmHandler/LmHandler.c:434:6:LmHandlerProcess	16	static
../Middlewares/Third_Party/LoRaWAN/LmHandler/LmHandler.c:454:23:LmHandlerJoinStatus	48	static
../Middlewares/Third_Party/LoRaWAN/LmHandler/LmHandler.c:567:24:LmHandlerStop	8	static
../Middlewares/Third_Party/LoRaWAN/LmHandler/LmHandler.c:676:24:LmHandlerRequestClass	56	static
../Middlewares/Third_Party/LoRaWAN/LmHandler/LmHandler.c:479:6:LmHandlerJoin	72	static
../Middlewares/Third_Party/LoRaWAN/LmHandler/LmHandler.c:413:6:LmHandlerIsBusy	8	static
../Middlewares/Third_Party/LoRaWAN/LmHandler/LmHandler.c:579:24:LmHandlerSend	56	static
../Middlewares/Third_Party/LoRaWAN/LmHandler/LmHandler.c:772:24:LmHandlerPackageRegister	16	static
../Middlewares/Third_Party/LoRaWAN/LmHandler/LmHandler.c:298:24:LmHandlerInit	8	static
../Middlewares/Third_Party/LoRaWAN/LmHandler/LmHandler.c:806:9:LmHandlerGetCurrentClass	48	static
../Middlewares/Third_Party/LoRaWAN/LmHandler/LmHandler.c:1400:13:McpsIndication	48	static
../Middlewares/Third_Party/LoRaWAN/LmHandler/LmHandler.c:824:9:LmHandlerGetTxDatarate	48	static
../Middlewares/Third_Party/LoRaWAN/LmHandler/LmHandler.c:1455:13:MlmeConfirm	56	static
../Middlewares/Third_Party/LoRaWAN/LmHandler/LmHandler.c:843:9:LmHandlerGetActiveRegion	0	static
../Middlewares/Third_Party/LoRaWAN/LmHandler/LmHandler.c:854:9:LmHandlerGetDevEUI	8	static
../Middlewares/Third_Party/LoRaWAN/LmHandler/LmHandler.c:865:9:LmHandlerSetDevEUI	56	static
../Middlewares/Third_Party/LoRaWAN/LmHandler/LmHandler.c:892:9:LmHandlerGetAppEUI	8	static
../Middlewares/Third_Party/LoRaWAN/LmHandler/LmHandler.c:904:9:LmHandlerSetAppEUI	56	static
../Middlewares/Third_Party/LoRaWAN/LmHandler/LmHandler.c:926:9:LmHandlerGetNetworkID	0	static
../Middlewares/Third_Party/LoRaWAN/LmHandler/LmHandler.c:937:9:LmHandlerSetNetworkID	8	static
../Middlewares/Third_Party/LoRaWAN/LmHandler/LmHandler.c:952:9:LmHandlerGetDevAddr	0	static
../Middlewares/Third_Party/LoRaWAN/LmHandler/LmHandler.c:963:9:LmHandlerSetDevAddr	8	static
../Middlewares/Third_Party/LoRaWAN/LmHandler/LmHandler.c:982:9:LmHandlerSetActiveRegion	8	static
../Middlewares/Third_Party/LoRaWAN/LmHandler/LmHandler.c:997:9:LmHandlerGetAdrEnable	0	static
../Middlewares/Third_Party/LoRaWAN/LmHandler/LmHandler.c:1008:9:LmHandlerSetAdrEnable	48	static
../Middlewares/Third_Party/LoRaWAN/LmHandler/LmHandler.c:1022:9:LmHandlerSetTxDatarate	56	static
../Middlewares/Third_Party/LoRaWAN/LmHandler/LmHandler.c:1042:9:LmHandlerGetDutyCycleEnable	0	static
../Middlewares/Third_Party/LoRaWAN/LmHandler/LmHandler.c:1053:9:LmHandlerSetDutyCycleEnable	8	static
../Middlewares/Third_Party/LoRaWAN/LmHandler/LmHandler.c:1061:9:LmHandlerGetRX2Params	56	static
../Middlewares/Third_Party/LoRaWAN/LmHandler/LmHandler.c:1081:9:LmHandlerGetTxPower	48	static
../Middlewares/Third_Party/LoRaWAN/LmHandler/LmHandler.c:1099:9:LmHandlerGetRx1Delay	56	static
../Middlewares/Third_Party/LoRaWAN/LmHandler/LmHandler.c:1117:9:LmHandlerGetRx2Delay	56	static
../Middlewares/Third_Party/LoRaWAN/LmHandler/LmHandler.c:1135:9:LmHandlerGetJoinRx1Delay	56	static
../Middlewares/Third_Party/LoRaWAN/LmHandler/LmHandler.c:1153:9:LmHandlerGetJoinRx2Delay	56	static
../Middlewares/Third_Party/LoRaWAN/LmHandler/LmHandler.c:1171:9:LmHandlerSetTxPower	48	static
../Middlewares/Third_Party/LoRaWAN/LmHandler/LmHandler.c:1185:9:LmHandlerSetRX2Params	48	static
../Middlewares/Third_Party/LoRaWAN/LmHandler/LmHandler.c:1200:9:LmHandlerSetRx1Delay	48	static
../Middlewares/Third_Party/LoRaWAN/LmHandler/LmHandler.c:1213:9:LmHandlerSetRx2Delay	48	static
../Middlewares/Third_Party/LoRaWAN/LmHandler/LmHandler.c:1226:9:LmHandlerSetJoinRx1Delay	48	static
../Middlewares/Third_Party/LoRaWAN/LmHandler/LmHandler.c:1239:9:LmHandlerSetJoinRx2Delay	48	static
../Middlewares/Third_Party/LoRaWAN/LmHandler/LmHandler.c:1252:9:LmHandlerGetPingPeriodicity	0	static
../Middlewares/Third_Party/LoRaWAN/LmHandler/LmHandler.c:1267:9:LmHandlerSetPingPeriodicity	0	static
../Middlewares/Third_Party/LoRaWAN/LmHandler/LmHandler.c:1286:9:LmHandlerGetBeaconState	0	static
