../Middlewares/Third_Party/LoRaWAN/LmHandler/Packages/LmhpCompliance.c:194:13:LmhpComplianceInit	8	static
../Middlewares/Third_Party/LoRaWAN/LmHandler/Packages/LmhpCompliance.c:210:13:LmhpComplianceIsInitialized	0	static
../Middlewares/Third_Party/LoRaWAN/LmHandler/Packages/LmhpCompliance.c:215:13:LmhpComplianceIsRunning	0	static
../Middlewares/Third_Party/LoRaWAN/LmHandler/Packages/LmhpCompliance.c:510:13:LmhpComplianceProcess	0	static
../Middlewares/Third_Party/LoRaWAN/LmHandler/Packages/LmhpCompliance.c:225:13:LmhpComplianceOnMcpsConfirm	0	static
../Middlewares/Third_Party/LoRaWAN/LmHandler/Packages/LmhpCompliance.c:241:13:LmhpComplianceOnMlmeConfirm	0	static
../Middlewares/Third_Party/LoRaWAN/LmHandler/Packages/LmhpCompliance.c:256:31:LmhpComplianceTxProcess.isra	24	static
../Middlewares/Third_Party/LoRaWAN/LmHandler/Packages/LmhpCompliance.c:515:13:OnComplianceTxNextPacketTimerEvent	8	static
../Middlewares/Third_Party/LoRaWAN/LmHandler/Packages/LmhpCompliance.c:301:13:LmhpComplianceOnMcpsIndication	64	static
../Middlewares/Third_Party/LoRaWAN/LmHandler/Packages/LmhpCompliance.c:188:15:LmphCompliancePackageFactory	0	static
