../Core/Src/stm32l0xx_it.c:72:6:NMI_Handler	0	static
../Core/Src/stm32l0xx_it.c:85:6:HardFault_Handler	0	static,ignoring_inline_asm
../Core/Src/stm32l0xx_it.c:101:6:MemManage_Handler	0	static
../Core/Src/stm32l0xx_it.c:116:6:BusFault_Handler	0	static
../Core/Src/stm32l0xx_it.c:131:6:UsageFault_Handler	0	static
../Core/Src/stm32l0xx_it.c:146:6:SVC_Handler	0	static
../Core/Src/stm32l0xx_it.c:159:6:DebugMon_Handler	0	static
../Core/Src/stm32l0xx_it.c:172:6:PendSV_Handler	0	static
../Core/Src/stm32l0xx_it.c:185:6:SysTick_Handler	8	static
../Core/Src/stm32l0xx_it.c:212:6:EXTI0_1_IRQHandler	0	static
../Core/Src/stm32l0xx_it.c:219:6:EXTI2_3_IRQHandler	0	static
../Core/Src/stm32l0xx_it.c:226:6:EXTI4_15_IRQHandler	8	static
../Core/Src/stm32l0xx_it.c:249:6:DMA1_Channel4_5_6_7_IRQHandler	8	static
../Core/Src/stm32l0xx_it.c:264:6:USART2_IRQHandler	8	static
../Core/Src/stm32l0xx_it.c:277:6:RTC_IRQHandler	8	static
../Core/Src/stm32l0xx_it.c:289:6:PVD_IRQHandler	8	static
