../Core/Src/sys_app.c:352:13:tiny_snprintf_like.constprop	16	static
../Core/Src/sys_app.c:277:13:TimestampNow	32	static
../Core/Src/sys_app.c:98:6:SystemApp_Init	64	static
../Core/Src/sys_app.c:149:6:UTIL_SEQ_Idle	8	static
../Core/Src/sys_app.c:160:9:GetBatteryLevel	16	static
../Core/Src/sys_app.c:190:10:GetTemperatureLevel	0	static
../Core/Src/sys_app.c:201:6:GetUniqueId	16	static
../Core/Src/sys_app.c:231:6:SetDevAddr	0	static
../Core/Src/sys_app.c:235:10:GetDevAddr	0	static
../Core/Src/sys_app.c:330:6:UTIL_ADV_TRACE_PreSendHook	8	static
../Core/Src/sys_app.c:341:6:UTIL_ADV_TRACE_PostSendHook	8	static
../Core/Src/sys_app.c:377:19:HAL_InitTick	0	static
../Core/Src/sys_app.c:394:10:HAL_GetTick	8	static
../Core/Src/sys_app.c:410:6:HAL_Delay	16	static
