../Core/Src/tx_app.c:1793:13:OnP2PRxDone	8	static
../Core/Src/tx_app.c:1811:13:OnP2PRxTimeout	8	static
../Core/Src/tx_app.c:1819:13:OnP2PRxError	8	static
../Core/Src/tx_app.c:1866:13:OnTxData	0	static
../Core/Src/tx_app.c:1873:13:OnJoinRequest	0	static
../Core/Src/tx_app.c:1734:6:ReadInput4	8	static
../Core/Src/tx_app.c:1623:6:ReadInput1	8	static
../Core/Src/tx_app.c:1802:13:OnP2PTxTimeout	8	static
../Core/Src/tx_app.c:1827:13:OnRxData	16	static
../Core/Src/tx_app.c:1880:13:OnMacProcessNotify	8	static
../Core/Src/tx_app.c:1778:13:OnP2PTxDone	24	static
../Core/Src/tx_app.c:1856:13:SendTxData	16	static
../Core/Src/tx_app.c:235:6:FXOS8700CQStandby	48	static
../Core/Src/tx_app.c:245:6:FXOS8700CQActive	48	static
../Core/Src/tx_app.c:258:6:FXOS8700CQReset	48	static
../Core/Src/tx_app.c:297:9:FXOS8700CQCheckCommunication	32	static
../Core/Src/tx_app.c:462:6:write_byte	32	static
../Core/Src/tx_app.c:473:16:FXOS8700CQInitFlux.constprop	40	static
../Core/Src/tx_app.c:753:9:squareRoot	16	static
../Core/Src/tx_app.c:772:5:FXOS8700CQCalibrate	72	static
../Core/Src/tx_app.c:1024:6:EEPROM_Write	8	static
../Core/Src/tx_app.c:1235:6:P2P_Radio_Init	72	static
../Core/Src/tx_app.c:1261:6:LoRaWAN_Mode_Init	16	static
../Core/Src/tx_app.c:1899:6:rx_bytes	64	static
../Core/Src/tx_app.c:1280:10:fillBufferAutoTx	8	static
../Core/Src/tx_app.c:1337:10:fillBufferManualTx	8	static
../Core/Src/tx_app.c:1380:6:LED_TX	40	static
../Core/Src/tx_app.c:1131:13:OnTxTimerLedEvent	16	static
../Core/Src/tx_app.c:1052:6:LED_Blink	16	static
../Core/Src/tx_app.c:1082:6:App_Send	80	static
../Core/Src/tx_app.c:1204:13:OnBtnTimeoutTimer	16	static
../Core/Src/tx_app.c:1420:5:getInterruptFlag	0	static
../Core/Src/tx_app.c:1424:6:resetInterruptFlag	0	static
../Core/Src/tx_app.c:1429:6:FXOS8700CQForceSleep	40	static
../Core/Src/tx_app.c:1122:13:OnTimer	8	static
../Core/Src/tx_app.c:1485:6:tratarInterrupcao	48	static
../Core/Src/tx_app.c:1751:6:EXTI_Init	40	static,ignoring_inline_asm
../Core/Src/tx_app.c:818:6:TxAppInit	104	static
