../Middlewares/Third_Party/LoRaWAN/Mac/Region/RegionCommon.c:152:10:RegionCommonGetJoinDc	8	static
../Middlewares/Third_Party/LoRaWAN/Mac/Region/RegionCommon.c:171:6:RegionCommonChanVerifyDr	32	static
../Middlewares/Third_Party/LoRaWAN/Mac/Region/RegionCommon.c:196:9:RegionCommonValueInRange	0	static
../Middlewares/Third_Party/LoRaWAN/Mac/Region/RegionCommon.c:205:6:RegionCommonChanDisable	12	static
../Middlewares/Third_Party/LoRaWAN/Mac/Region/RegionCommon.c:220:9:RegionCommonCountChannels	32	static
../Middlewares/Third_Party/LoRaWAN/Mac/Region/RegionCommon.c:237:6:RegionCommonChanMaskCopy	8	static
../Middlewares/Third_Party/LoRaWAN/Mac/Region/RegionCommon.c:248:6:RegionCommonSetBandTxDone	16	static
../Middlewares/Third_Party/LoRaWAN/Mac/Region/RegionCommon.c:266:13:RegionCommonUpdateBandTimeOff	48	static
../Middlewares/Third_Party/LoRaWAN/Mac/Region/RegionCommon.c:331:9:RegionCommonParseLinkAdrReq	8	static
../Middlewares/Third_Party/LoRaWAN/Mac/Region/RegionCommon.c:355:9:RegionCommonLinkAdrReqVerifyParams	48	static
../Middlewares/Third_Party/LoRaWAN/Mac/Region/RegionCommon.c:413:10:RegionCommonComputeSymbolTimeLoRa	8	static
../Middlewares/Third_Party/LoRaWAN/Mac/Region/RegionCommon.c:418:10:RegionCommonComputeSymbolTimeFsk	0	static
../Middlewares/Third_Party/LoRaWAN/Mac/Region/RegionCommon.c:424:6:RegionCommonComputeRxWindowParameters	16	static
../Middlewares/Third_Party/LoRaWAN/Mac/Region/RegionCommon.c:431:8:RegionCommonComputeTxPower	16	static
../Middlewares/Third_Party/LoRaWAN/Mac/Region/RegionCommon.c:440:6:RegionCommonRxBeaconSetup	64	static
../Middlewares/Third_Party/LoRaWAN/Mac/Region/RegionCommon.c:470:6:RegionCommonCountNbOfEnabledChannels	56	static
../Middlewares/Third_Party/LoRaWAN/Mac/Region/RegionCommon.c:513:17:RegionCommonIdentifyChannels	48	static
../Middlewares/Third_Party/LoRaWAN/Mac/Region/RegionCommon.c:557:6:RegionCommonRxConfigPrint	64	static
../Middlewares/Third_Party/LoRaWAN/Mac/Region/RegionCommon.c:571:6:RegionCommonTxConfigPrint	16	static
